This is pdfTeX, Version 3.141592653-2.6-1.40.29 (TeX Live 2026) (preloaded format=pdflatex 2026.3.29)  28 MAY 2026 02:59
entering extended mode
 restricted \write18 enabled.
 %&-line parsing enabled.
**main.tex
(./main.tex
LaTeX2e <2025-11-01>
L3 programming layer <2026-01-19>
(/usr/local/texlive/2026/texmf-dist/tex/latex/extsizes/extarticle.cls
Document Class: extarticle 1996/10/08 v1.0 Non Standard LaTeX document class
(/usr/local/texlive/2026/texmf-dist/tex/latex/extsizes/size14.clo
File: size14.clo 1999/11/11 v1.4a NON-Standard LaTeX file (size option)
)
(/usr/local/texlive/2026/texmf-dist/tex/latex/base/exscale.sty
Package: exscale 2025/06/05 v2.1i Standard LaTeX package exscale
LaTeX Font Info:    Redeclaring symbol font `largesymbols' on input line 57.
LaTeX Font Info:    Overwriting symbol font `largesymbols' in version `normal'
(Font)                  OMX/cmex/m/n --> OMX/cmex/m/n on input line 57.
LaTeX Font Info:    Overwriting symbol font `largesymbols' in version `bold'
(Font)                  OMX/cmex/m/n --> OMX/cmex/m/n on input line 57.
\big@size=\dimen148
)
\c@part=\count275
\c@section=\count276
\c@subsection=\count277
\c@subsubsection=\count278
\c@paragraph=\count279
\c@subparagraph=\count280
\c@figure=\count281
\c@table=\count282
\abovecaptionskip=\skip49
\belowcaptionskip=\skip50
\bibindent=\dimen149
)
(/usr/local/texlive/2026/texmf-dist/tex/latex/base/inputenc.sty
Package: inputenc 2024/02/08 v1.3d Input encoding file
\inpenc@prehook=\toks17
\inpenc@posthook=\toks18
)
(/usr/local/texlive/2026/texmf-dist/tex/latex/base/fontenc.sty
Package: fontenc 2025/07/18 v2.1d Standard LaTeX package

(/usr/local/texlive/2026/texmf-dist/tex/latex/cyrillic/t2aenc.def
File: t2aenc.def 2023/11/07 v1.0k Cyrillic encoding definition file
Now handling font encoding T2A ...
... processing UTF-8 mapping file for font encoding T2A

(/usr/local/texlive/2026/texmf-dist/tex/latex/base/t2aenc.dfu
File: t2aenc.dfu 2022/06/07 v1.3c UTF-8 support
   defining Unicode char U+00A4 (decimal 164)
   defining Unicode char U+00A7 (decimal 167)
   defining Unicode char U+00AB (decimal 171)
   defining Unicode char U+00BB (decimal 187)
   defining Unicode char U+0131 (decimal 305)
   defining Unicode char U+0237 (decimal 567)
   defining Unicode char U+0400 (decimal 1024)
   defining Unicode char U+0401 (decimal 1025)
   defining Unicode char U+0402 (decimal 1026)
   defining Unicode char U+0403 (decimal 1027)
   defining Unicode char U+0404 (decimal 1028)
   defining Unicode char U+0405 (decimal 1029)
   defining Unicode char U+0406 (decimal 1030)
   defining Unicode char U+0407 (decimal 1031)
   defining Unicode char U+0408 (decimal 1032)
   defining Unicode char U+0409 (decimal 1033)
   defining Unicode char U+040A (decimal 1034)
   defining Unicode char U+040B (decimal 1035)
   defining Unicode char U+040C (decimal 1036)
   defining Unicode char U+040D (decimal 1037)
   defining Unicode char U+040E (decimal 1038)
   defining Unicode char U+040F (decimal 1039)
   defining Unicode char U+0410 (decimal 1040)
   defining Unicode char U+0411 (decimal 1041)
   defining Unicode char U+0412 (decimal 1042)
   defining Unicode char U+0413 (decimal 1043)
   defining Unicode char U+0414 (decimal 1044)
   defining Unicode char U+0415 (decimal 1045)
   defining Unicode char U+0416 (decimal 1046)
   defining Unicode char U+0417 (decimal 1047)
   defining Unicode char U+0418 (decimal 1048)
   defining Unicode char U+0419 (decimal 1049)
   defining Unicode char U+041A (decimal 1050)
   defining Unicode char U+041B (decimal 1051)
   defining Unicode char U+041C (decimal 1052)
   defining Unicode char U+041D (decimal 1053)
   defining Unicode char U+041E (decimal 1054)
   defining Unicode char U+041F (decimal 1055)
   defining Unicode char U+0420 (decimal 1056)
   defining Unicode char U+0421 (decimal 1057)
   defining Unicode char U+0422 (decimal 1058)
   defining Unicode char U+0423 (decimal 1059)
   defining Unicode char U+0424 (decimal 1060)
   defining Unicode char U+0425 (decimal 1061)
   defining Unicode char U+0426 (decimal 1062)
   defining Unicode char U+0427 (decimal 1063)
   defining Unicode char U+0428 (decimal 1064)
   defining Unicode char U+0429 (decimal 1065)
   defining Unicode char U+042A (decimal 1066)
   defining Unicode char U+042B (decimal 1067)
   defining Unicode char U+042C (decimal 1068)
   defining Unicode char U+042D (decimal 1069)
   defining Unicode char U+042E (decimal 1070)
   defining Unicode char U+042F (decimal 1071)
   defining Unicode char U+0430 (decimal 1072)
   defining Unicode char U+0431 (decimal 1073)
   defining Unicode char U+0432 (decimal 1074)
   defining Unicode char U+0433 (decimal 1075)
   defining Unicode char U+0434 (decimal 1076)
   defining Unicode char U+0435 (decimal 1077)
   defining Unicode char U+0436 (decimal 1078)
   defining Unicode char U+0437 (decimal 1079)
   defining Unicode char U+0438 (decimal 1080)
   defining Unicode char U+0439 (decimal 1081)
   defining Unicode char U+043A (decimal 1082)
   defining Unicode char U+043B (decimal 1083)
   defining Unicode char U+043C (decimal 1084)
   defining Unicode char U+043D (decimal 1085)
   defining Unicode char U+043E (decimal 1086)
   defining Unicode char U+043F (decimal 1087)
   defining Unicode char U+0440 (decimal 1088)
   defining Unicode char U+0441 (decimal 1089)
   defining Unicode char U+0442 (decimal 1090)
   defining Unicode char U+0443 (decimal 1091)
   defining Unicode char U+0444 (decimal 1092)
   defining Unicode char U+0445 (decimal 1093)
   defining Unicode char U+0446 (decimal 1094)
   defining Unicode char U+0447 (decimal 1095)
   defining Unicode char U+0448 (decimal 1096)
   defining Unicode char U+0449 (decimal 1097)
   defining Unicode char U+044A (decimal 1098)
   defining Unicode char U+044B (decimal 1099)
   defining Unicode char U+044C (decimal 1100)
   defining Unicode char U+044D (decimal 1101)
   defining Unicode char U+044E (decimal 1102)
   defining Unicode char U+044F (decimal 1103)
   defining Unicode char U+0450 (decimal 1104)
   defining Unicode char U+0451 (decimal 1105)
   defining Unicode char U+0452 (decimal 1106)
   defining Unicode char U+0453 (decimal 1107)
   defining Unicode char U+0454 (decimal 1108)
   defining Unicode char U+0455 (decimal 1109)
   defining Unicode char U+0456 (decimal 1110)
   defining Unicode char U+0457 (decimal 1111)
   defining Unicode char U+0458 (decimal 1112)
   defining Unicode char U+0459 (decimal 1113)
   defining Unicode char U+045A (decimal 1114)
   defining Unicode char U+045B (decimal 1115)
   defining Unicode char U+045C (decimal 1116)
   defining Unicode char U+045D (decimal 1117)
   defining Unicode char U+045E (decimal 1118)
   defining Unicode char U+045F (decimal 1119)
   defining Unicode char U+0490 (decimal 1168)
   defining Unicode char U+0491 (decimal 1169)
   defining Unicode char U+0492 (decimal 1170)
   defining Unicode char U+0493 (decimal 1171)
   defining Unicode char U+0496 (decimal 1174)
   defining Unicode char U+0497 (decimal 1175)
   defining Unicode char U+0498 (decimal 1176)
   defining Unicode char U+0499 (decimal 1177)
   defining Unicode char U+049A (decimal 1178)
   defining Unicode char U+049B (decimal 1179)
   defining Unicode char U+049C (decimal 1180)
   defining Unicode char U+049D (decimal 1181)
   defining Unicode char U+04A0 (decimal 1184)
   defining Unicode char U+04A1 (decimal 1185)
   defining Unicode char U+04A2 (decimal 1186)
   defining Unicode char U+04A3 (decimal 1187)
   defining Unicode char U+04A4 (decimal 1188)
   defining Unicode char U+04A5 (decimal 1189)
   defining Unicode char U+04AA (decimal 1194)
   defining Unicode char U+04AB (decimal 1195)
   defining Unicode char U+04AE (decimal 1198)
   defining Unicode char U+04AF (decimal 1199)
   defining Unicode char U+04B0 (decimal 1200)
   defining Unicode char U+04B1 (decimal 1201)
   defining Unicode char U+04B2 (decimal 1202)
   defining Unicode char U+04B3 (decimal 1203)
   defining Unicode char U+04B6 (decimal 1206)
   defining Unicode char U+04B7 (decimal 1207)
   defining Unicode char U+04B8 (decimal 1208)
   defining Unicode char U+04B9 (decimal 1209)
   defining Unicode char U+04BA (decimal 1210)
   defining Unicode char U+04BB (decimal 1211)
   defining Unicode char U+04C0 (decimal 1216)
   defining Unicode char U+04C1 (decimal 1217)
   defining Unicode char U+04C2 (decimal 1218)
   defining Unicode char U+04D0 (decimal 1232)
   defining Unicode char U+04D1 (decimal 1233)
   defining Unicode char U+04D2 (decimal 1234)
   defining Unicode char U+04D3 (decimal 1235)
   defining Unicode char U+04D4 (decimal 1236)
   defining Unicode char U+04D5 (decimal 1237)
   defining Unicode char U+04D6 (decimal 1238)
   defining Unicode char U+04D7 (decimal 1239)
   defining Unicode char U+04D8 (decimal 1240)
   defining Unicode char U+04D9 (decimal 1241)
   defining Unicode char U+04DA (decimal 1242)
   defining Unicode char U+04DB (decimal 1243)
   defining Unicode char U+04DC (decimal 1244)
   defining Unicode char U+04DD (decimal 1245)
   defining Unicode char U+04DE (decimal 1246)
   defining Unicode char U+04DF (decimal 1247)
   defining Unicode char U+04E2 (decimal 1250)
   defining Unicode char U+04E3 (decimal 1251)
   defining Unicode char U+04E4 (decimal 1252)
   defining Unicode char U+04E5 (decimal 1253)
   defining Unicode char U+04E6 (decimal 1254)
   defining Unicode char U+04E7 (decimal 1255)
   defining Unicode char U+04E8 (decimal 1256)
   defining Unicode char U+04E9 (decimal 1257)
   defining Unicode char U+04EC (decimal 1260)
   defining Unicode char U+04ED (decimal 1261)
   defining Unicode char U+04EE (decimal 1262)
   defining Unicode char U+04EF (decimal 1263)
   defining Unicode char U+04F0 (decimal 1264)
   defining Unicode char U+04F1 (decimal 1265)
   defining Unicode char U+04F2 (decimal 1266)
   defining Unicode char U+04F3 (decimal 1267)
   defining Unicode char U+04F4 (decimal 1268)
   defining Unicode char U+04F5 (decimal 1269)
   defining Unicode char U+04F8 (decimal 1272)
   defining Unicode char U+04F9 (decimal 1273)
   defining Unicode char U+200C (decimal 8204)
   defining Unicode char U+2013 (decimal 8211)
   defining Unicode char U+2014 (decimal 8212)
   defining Unicode char U+2018 (decimal 8216)
   defining Unicode char U+2019 (decimal 8217)
   defining Unicode char U+201C (decimal 8220)
   defining Unicode char U+201D (decimal 8221)
   defining Unicode char U+201E (decimal 8222)
   defining Unicode char U+2030 (decimal 8240)
   defining Unicode char U+2031 (decimal 8241)
   defining Unicode char U+2116 (decimal 8470)
   defining Unicode char U+2329 (decimal 9001)
   defining Unicode char U+3008 (decimal 12296)
   defining Unicode char U+232A (decimal 9002)
   defining Unicode char U+3009 (decimal 12297)
   defining Unicode char U+2423 (decimal 9251)
   defining Unicode char U+27E8 (decimal 10216)
   defining Unicode char U+27E9 (decimal 10217)
   defining Unicode char U+FB00 (decimal 64256)
   defining Unicode char U+FB01 (decimal 64257)
   defining Unicode char U+FB02 (decimal 64258)
   defining Unicode char U+FB03 (decimal 64259)
   defining Unicode char U+FB04 (decimal 64260)
   defining Unicode char U+FB05 (decimal 64261)
   defining Unicode char U+FB06 (decimal 64262)
))
LaTeX Font Info:    Trying to load font information for T2A+cmr on input line 1
16.

(/usr/local/texlive/2026/texmf-dist/tex/latex/cyrillic/t2acmr.fd
File: t2acmr.fd 2001/08/11 v1.0a Computer Modern Cyrillic font definitions
))
(/usr/local/texlive/2026/texmf-dist/tex/generic/babel/babel.sty
Package: babel 2026/03/08 v26.4 The multilingual framework for LuaLaTeX, pdfLaT
eX and XeLaTeX
\babel@savecnt=\count283
LaTeX Encoding Info:    Redeclaring text command \ij (encoding OT1) on input li
ne 2078.
LaTeX Encoding Info:    Redeclaring text command \IJ (encoding OT1) on input li
ne 2080.
LaTeX Encoding Info:    Redeclaring text command \ij (encoding T1) on input lin
e 2082.
LaTeX Encoding Info:    Redeclaring text command \IJ (encoding T1) on input lin
e 2083.
LaTeX Encoding Info:    Ignoring declaration for text command \ij (encoding ?) 
on input line 2084.
LaTeX Encoding Info:    Ignoring declaration for text command \IJ (encoding ?) 
on input line 2086.
LaTeX Encoding Info:    Ignoring declaration for text command \SS (encoding ?) 
on input line 2111.
\U@D=\dimen150
\l@unhyphenated=\language91

(/usr/local/texlive/2026/texmf-dist/tex/generic/babel/txtbabel.def)
\bbl@readstream=\read2
\bbl@dirlevel=\count284

(/usr/local/texlive/2026/texmf-dist/tex/generic/babel/locale/ru/babel-russian.t
ex)
Package babel Info: Importing font and identification data for russian
(babel)             from babel-ru.ini. Reported on input line 4330.
 (/usr/local/texlive/2026/texmf-dist/tex/generic/babel-russian/russianb.ldf
File: russianb.ldf 2021/01/10 1.3m Russian support for the Babel system
Language: russian 2020/09/09 1.3k Russian support for the Babel system
Package babel Info: Making " an active character on input line 124.
Package babel Info: Default for \cyrdash is provided on input line 163.
)) (/usr/local/texlive/2026/texmf-dist/tex/latex/geometry/geometry.sty
Package: geometry 2026/03/07 v6.0 Page Geometry

(/usr/local/texlive/2026/texmf-dist/tex/latex/graphics/keyval.sty
Package: keyval 2022/05/29 v1.15 key=value parser (DPC)
\KV@toks@=\toks19
)
(/usr/local/texlive/2026/texmf-dist/tex/generic/iftex/ifvtex.sty
Package: ifvtex 2019/10/25 v1.7 ifvtex legacy package. Use iftex instead.

(/usr/local/texlive/2026/texmf-dist/tex/generic/iftex/iftex.sty
Package: iftex 2024/12/12 v1.0g TeX engine tests
))
\Gm@cnth=\count285
\Gm@cntv=\count286
\c@Gm@tempcnt=\count287
\Gm@bindingoffset=\dimen151
\Gm@wd@mp=\dimen152
\Gm@odd@mp=\dimen153
\Gm@even@mp=\dimen154
\Gm@layoutwidth=\dimen155
\Gm@layoutheight=\dimen156
\Gm@layouthoffset=\dimen157
\Gm@layoutvoffset=\dimen158
\Gm@dimlist=\toks20
)
(/usr/local/texlive/2026/texmf-dist/tex/latex/tools/indentfirst.sty
Package: indentfirst 2023/07/02 v1.03 Indent first paragraph (DPC)
)
(/usr/local/texlive/2026/texmf-dist/tex/latex/graphics/graphicx.sty
Package: graphicx 2024/12/31 v1.2e Enhanced LaTeX Graphics (DPC,SPQR)

(/usr/local/texlive/2026/texmf-dist/tex/latex/graphics/graphics.sty
Package: graphics 2024/08/06 v1.4g Standard LaTeX Graphics (DPC,SPQR)

(/usr/local/texlive/2026/texmf-dist/tex/latex/graphics/trig.sty
Package: trig 2023/12/02 v1.11 sin cos tan (DPC)
)
(/usr/local/texlive/2026/texmf-dist/tex/latex/graphics-cfg/graphics.cfg
File: graphics.cfg 2016/06/04 v1.11 sample graphics configuration
)
Package graphics Info: Driver file: pdftex.def on input line 106.

(/usr/local/texlive/2026/texmf-dist/tex/latex/graphics-def/pdftex.def
File: pdftex.def 2025/09/29 v1.2d Graphics/color driver for pdftex
))
\Gin@req@height=\dimen159
\Gin@req@width=\dimen160
)
(/usr/local/texlive/2026/texmf-dist/tex/latex/hyperref/hyperref.sty
Package: hyperref 2026-01-29 v7.01p Hypertext links for LaTeX

(/usr/local/texlive/2026/texmf-dist/tex/latex/kvsetkeys/kvsetkeys.sty
Package: kvsetkeys 2022-10-05 v1.19 Key value parser (HO)
)
(/usr/local/texlive/2026/texmf-dist/tex/generic/kvdefinekeys/kvdefinekeys.sty
Package: kvdefinekeys 2019-12-19 v1.6 Define keys (HO)
)
(/usr/local/texlive/2026/texmf-dist/tex/generic/pdfescape/pdfescape.sty
Package: pdfescape 2019/12/09 v1.15 Implements pdfTeX's escape features (HO)

(/usr/local/texlive/2026/texmf-dist/tex/generic/ltxcmds/ltxcmds.sty
Package: ltxcmds 2023-12-04 v1.26 LaTeX kernel commands for general use (HO)
)
(/usr/local/texlive/2026/texmf-dist/tex/generic/pdftexcmds/pdftexcmds.sty
Package: pdftexcmds 2020-06-27 v0.33 Utility functions of pdfTeX for LuaTeX (HO
)

(/usr/local/texlive/2026/texmf-dist/tex/generic/infwarerr/infwarerr.sty
Package: infwarerr 2019/12/03 v1.5 Providing info/warning/error messages (HO)
)
Package pdftexcmds Info: \pdf@primitive is available.
Package pdftexcmds Info: \pdf@ifprimitive is available.
Package pdftexcmds Info: \pdfdraftmode found.
))
(/usr/local/texlive/2026/texmf-dist/tex/latex/hycolor/hycolor.sty
Package: hycolor 2020-01-27 v1.10 Color options for hyperref/bookmark (HO)
)
(/usr/local/texlive/2026/texmf-dist/tex/latex/hyperref/nameref.sty
Package: nameref 2026-01-29 v2.58 Cross-referencing by name of section

(/usr/local/texlive/2026/texmf-dist/tex/latex/refcount/refcount.sty
Package: refcount 2019/12/15 v3.6 Data extraction from label references (HO)
)
(/usr/local/texlive/2026/texmf-dist/tex/generic/gettitlestring/gettitlestring.s
ty
Package: gettitlestring 2019/12/15 v1.6 Cleanup title references (HO)
 (/usr/local/texlive/2026/texmf-dist/tex/latex/kvoptions/kvoptions.sty
Package: kvoptions 2022-06-15 v3.15 Key value format for package options (HO)
))
\c@section@level=\count288
)
(/usr/local/texlive/2026/texmf-dist/tex/latex/etoolbox/etoolbox.sty
Package: etoolbox 2025/10/02 v2.5m e-TeX tools for LaTeX (JAW)
\etb@tempcnta=\count289
)
(/usr/local/texlive/2026/texmf-dist/tex/generic/stringenc/stringenc.sty
Package: stringenc 2019/11/29 v1.12 Convert strings between diff. encodings (HO
)
)
\@linkdim=\dimen161
\Hy@linkcounter=\count290
\Hy@pagecounter=\count291

(/usr/local/texlive/2026/texmf-dist/tex/latex/hyperref/pd1enc.def
File: pd1enc.def 2026-01-29 v7.01p Hyperref: PDFDocEncoding definition (HO)
Now handling font encoding PD1 ...
... no UTF-8 mapping file for font encoding PD1
)
(/usr/local/texlive/2026/texmf-dist/tex/generic/intcalc/intcalc.sty
Package: intcalc 2019/12/15 v1.3 Expandable calculations with integers (HO)
)
\Hy@SavedSpaceFactor=\count292

(/usr/local/texlive/2026/texmf-dist/tex/latex/hyperref/puenc.def
File: puenc.def 2026-01-29 v7.01p Hyperref: PDF Unicode definition (HO)
Now handling font encoding PU ...
... no UTF-8 mapping file for font encoding PU
)
Package hyperref Info: Option `unicode' set `true' on input line 3166.
Package hyperref Info: Hyper figures OFF on input line 4201.
Package hyperref Info: Link nesting OFF on input line 4206.
Package hyperref Info: Hyper index ON on input line 4209.
Package hyperref Info: Plain pages OFF on input line 4216.
Package hyperref Info: Backreferencing OFF on input line 4221.
Package hyperref Info: Implicit mode ON; LaTeX internals redefined.
Package hyperref Info: Bookmarks ON on input line 4468.
\c@Hy@tempcnt=\count293

(/usr/local/texlive/2026/texmf-dist/tex/latex/url/url.sty
\Urlmuskip=\muskip17
Package: url 2013/09/16  ver 3.4  Verb mode for urls, etc.
)
LaTeX Info: Redefining \url on input line 4807.
\XeTeXLinkMargin=\dimen162

(/usr/local/texlive/2026/texmf-dist/tex/generic/bitset/bitset.sty
Package: bitset 2019/12/09 v1.3 Handle bit-vector datatype (HO)

(/usr/local/texlive/2026/texmf-dist/tex/generic/bigintcalc/bigintcalc.sty
Package: bigintcalc 2019/12/15 v1.5 Expandable calculations on big integers (HO
)
))
\Fld@menulength=\count294
\Field@Width=\dimen163
\Fld@charsize=\dimen164
Package hyperref Info: Hyper figures OFF on input line 6084.
Package hyperref Info: Link nesting OFF on input line 6089.
Package hyperref Info: Hyper index ON on input line 6092.
Package hyperref Info: backreferencing OFF on input line 6099.
Package hyperref Info: Link coloring OFF on input line 6104.
Package hyperref Info: Link coloring with OCG OFF on input line 6109.
Package hyperref Info: PDF/A mode OFF on input line 6114.
\Hy@abspage=\count295
\c@Item=\count296
\c@Hfootnote=\count297
)
Package hyperref Info: Driver (autodetected): hpdftex.

(/usr/local/texlive/2026/texmf-dist/tex/latex/hyperref/hpdftex.def
File: hpdftex.def 2026-01-29 v7.01p Hyperref driver for pdfTeX
\Fld@listcount=\count298
\c@bookmark@seq@number=\count299

(/usr/local/texlive/2026/texmf-dist/tex/latex/rerunfilecheck/rerunfilecheck.sty
Package: rerunfilecheck 2025-06-21 v1.11 Rerun checks for auxiliary files (HO)

(/usr/local/texlive/2026/texmf-dist/tex/generic/uniquecounter/uniquecounter.sty
Package: uniquecounter 2019/12/15 v1.4 Provide unlimited unique counter (HO)
)
Package uniquecounter Info: New unique counter `rerunfilecheck' on input line 2
84.
)
\Hy@SectionHShift=\skip51
) (/usr/local/texlive/2026/texmf-dist/tex/generic/soul/soul.sty
Package: soul 2026-03-06 v3.2 Permit use of UTF-8 characters in soul (HO)

(/usr/local/texlive/2026/texmf-dist/tex/generic/soul/soul-ori.sty
Package: soul-ori 2026-03-06 v3.2 letterspacing/underlining (mf)
\SOUL@word=\toks21
\SOUL@lasttoken=\toks22
\SOUL@syllable=\toks23
\SOUL@cmds=\toks24
\SOUL@buffer=\toks25
\SOUL@token=\toks26
\SOUL@syllgoal=\dimen165
\SOUL@syllwidth=\dimen166
\SOUL@charkern=\dimen167
\SOUL@hyphkern=\dimen168
\SOUL@dimen=\dimen169
\SOUL@dimeni=\dimen170
\SOUL@minus=\count300
\SOUL@comma=\count301
\SOUL@apo=\count302
\SOUL@grave=\count303
\SOUL@spaceskip=\skip52
\SOUL@ttwidth=\dimen171
\SOUL@uldp=\dimen172
\SOUL@ulht=\dimen173
)
(/usr/local/texlive/2026/texmf-dist/tex/generic/etexcmds/etexcmds.sty
Package: etexcmds 2019/12/15 v1.7 Avoid name clashes with e-TeX commands (HO)
))
(/usr/local/texlive/2026/texmf-dist/tex/latex/hyphenat/hyphenat.sty
Package: hyphenat 2009/09/02 v2.3c hyphenation utilities


Package hyphenat Warning: *******************************
(hyphenat)                * You have used the htt option.
(hyphenat)                * You are likely to get many Font Warning messages.
(hyphenat)                * These can usually be ignored.
(hyphenat)                *******************************.

\langwohyphens=\language92
LaTeX Info: Redefining \_ on input line 43.
) (/usr/local/texlive/2026/texmf-dist/tex/latex/listings/listings.sty
\lst@mode=\count304
\lst@gtempboxa=\box53
\lst@token=\toks27
\lst@length=\count305
\lst@currlwidth=\dimen174
\lst@column=\count306
\lst@pos=\count307
\lst@lostspace=\dimen175
\lst@width=\dimen176
\lst@newlines=\count308
\lst@lineno=\count309
\lst@maxwidth=\dimen177

(/usr/local/texlive/2026/texmf-dist/tex/latex/listings/lstpatch.sty
File: lstpatch.sty 2025/11/14 1.11b (Carsten Heinz)
)
(/usr/local/texlive/2026/texmf-dist/tex/latex/listings/lstmisc.sty
File: lstmisc.sty 2025/11/14 1.11b (Carsten Heinz)
\c@lstnumber=\count310
\lst@skipnumbers=\count311
\lst@framebox=\box54
)
(/usr/local/texlive/2026/texmf-dist/tex/latex/listings/listings.cfg
File: listings.cfg 2025/11/14 1.11b listings configuration
))
Package: listings 2025/11/14 1.11b (Carsten Heinz)

==> First Aid for listings.sty no longer applied!
    Expected:
        2024/09/23 1.10c (Carsten Heinz)
    but found:
        2025/11/14 1.11b (Carsten Heinz)
    so I'm assuming it got fixed.
(/usr/local/texlive/2026/texmf-dist/tex/latex/xcolor/xcolor.sty
Package: xcolor 2024/09/29 v3.02 LaTeX color extensions (UK)

(/usr/local/texlive/2026/texmf-dist/tex/latex/graphics-cfg/color.cfg
File: color.cfg 2016/01/02 v1.6 sample color configuration
)
Package xcolor Info: Driver file: pdftex.def on input line 274.

(/usr/local/texlive/2026/texmf-dist/tex/latex/graphics/mathcolor.ltx)
Package xcolor Info: Model `cmy' substituted by `cmy0' on input line 1349.
Package xcolor Info: Model `hsb' substituted by `rgb' on input line 1353.
Package xcolor Info: Model `RGB' extended on input line 1365.
Package xcolor Info: Model `HTML' substituted by `rgb' on input line 1367.
Package xcolor Info: Model `Hsb' substituted by `hsb' on input line 1368.
Package xcolor Info: Model `tHsb' substituted by `hsb' on input line 1369.
Package xcolor Info: Model `HSB' substituted by `hsb' on input line 1370.
Package xcolor Info: Model `Gray' substituted by `gray' on input line 1371.
Package xcolor Info: Model `wave' substituted by `hsb' on input line 1372.
)
(/usr/local/texlive/2026/texmf-dist/tex/latex/amsmath/amsmath.sty
Package: amsmath 2025/07/09 v2.17z AMS math features
\@mathmargin=\skip53

For additional information on amsmath, use the `?' option.
(/usr/local/texlive/2026/texmf-dist/tex/latex/amsmath/amstext.sty
Package: amstext 2024/11/17 v2.01 AMS text

(/usr/local/texlive/2026/texmf-dist/tex/latex/amsmath/amsgen.sty
File: amsgen.sty 1999/11/30 v2.0 generic functions
\@emptytoks=\toks28
\ex@=\dimen178
))
(/usr/local/texlive/2026/texmf-dist/tex/latex/amsmath/amsbsy.sty
Package: amsbsy 1999/11/29 v1.2d Bold Symbols
\pmbraise@=\dimen179
)
(/usr/local/texlive/2026/texmf-dist/tex/latex/amsmath/amsopn.sty
Package: amsopn 2022/04/08 v2.04 operator names
)
\inf@bad=\count312
LaTeX Info: Redefining \frac on input line 233.
\uproot@=\count313
\leftroot@=\count314
LaTeX Info: Redefining \overline on input line 398.
LaTeX Info: Redefining \colon on input line 409.
\classnum@=\count315
\DOTSCASE@=\count316
LaTeX Info: Redefining \ldots on input line 495.
LaTeX Info: Redefining \dots on input line 498.
LaTeX Info: Redefining \cdots on input line 619.
\Mathstrutbox@=\box55
\strutbox@=\box56
LaTeX Info: Redefining \big on input line 721.
LaTeX Info: Redefining \Big on input line 722.
LaTeX Info: Redefining \bigg on input line 723.
LaTeX Info: Redefining \Bigg on input line 724.
\big@size=\dimen180
LaTeX Font Info:    Redeclaring font encoding OML on input line 742.
LaTeX Font Info:    Redeclaring font encoding OMS on input line 743.
\macc@depth=\count317
LaTeX Info: Redefining \bmod on input line 904.
LaTeX Info: Redefining \pmod on input line 909.
LaTeX Info: Redefining \smash on input line 939.
LaTeX Info: Redefining \relbar on input line 969.
LaTeX Info: Redefining \Relbar on input line 970.
\c@MaxMatrixCols=\count318
\dotsspace@=\muskip18
\c@parentequation=\count319
\dspbrk@lvl=\count320
\tag@help=\toks29
\row@=\count321
\column@=\count322
\maxfields@=\count323
\andhelp@=\toks30
\eqnshift@=\dimen181
\alignsep@=\dimen182
\tagshift@=\dimen183
\tagwidth@=\dimen184
\totwidth@=\dimen185
\lineht@=\dimen186
\@envbody=\toks31
\multlinegap=\skip54
\multlinetaggap=\skip55
\mathdisplay@stack=\toks32
LaTeX Info: Redefining \[ on input line 2950.
LaTeX Info: Redefining \] on input line 2951.
)
(/usr/local/texlive/2026/texmf-dist/tex/latex/amsfonts/amssymb.sty
Package: amssymb 2013/01/14 v3.01 AMS font symbols

(/usr/local/texlive/2026/texmf-dist/tex/latex/amsfonts/amsfonts.sty
Package: amsfonts 2013/01/14 v3.01 Basic AMSFonts support
\symAMSa=\mathgroup4
\symAMSb=\mathgroup5
LaTeX Font Info:    Redeclaring math symbol \hbar on input line 98.
LaTeX Font Info:    Overwriting math alphabet `\mathfrak' in version `bold'
(Font)                  U/euf/m/n --> U/euf/b/n on input line 106.
))
(/usr/local/texlive/2026/texmf-dist/tex/latex/algorithms/algorithm.sty
Package: algorithm 2009/08/24 v0.1 Document Style `algorithm' - floating enviro
nment

(/usr/local/texlive/2026/texmf-dist/tex/latex/float/float.sty
Package: float 2001/11/08 v1.3d Float enhancements (AL)
\c@float@type=\count324
\float@exts=\toks33
\float@box=\box57
\@float@everytoks=\toks34
\@floatcapt=\box58
)
(/usr/local/texlive/2026/texmf-dist/tex/latex/base/ifthen.sty
Package: ifthen 2024/03/16 v1.1e Standard LaTeX ifthen package (DPC)
)
\@float@every@algorithm=\toks35
\c@algorithm=\count325
)
(/usr/local/texlive/2026/texmf-dist/tex/latex/algorithmicx/algpseudocode.sty
Package: algpseudocode 

(/usr/local/texlive/2026/texmf-dist/tex/latex/algorithmicx/algorithmicx.sty
Package: algorithmicx 2005/04/27 v1.2 Algorithmicx

Document Style algorithmicx 1.2 - a greatly improved `algorithmic' style
\c@ALG@line=\count326
\c@ALG@rem=\count327
\c@ALG@nested=\count328
\ALG@tlm=\skip56
\ALG@thistlm=\skip57
\c@ALG@Lnr=\count329
\c@ALG@blocknr=\count330
\c@ALG@storecount=\count331
\c@ALG@tmpcounter=\count332
\ALG@tmplength=\skip58
)
Document Style - pseudocode environments for use with the `algorithmicx' style
) (/usr/local/texlive/2026/texmf-dist/tex/latex/booktabs/booktabs.sty
Package: booktabs 2020/01/12 v1.61803398 Publication quality tables
\heavyrulewidth=\dimen187
\lightrulewidth=\dimen188
\cmidrulewidth=\dimen189
\belowrulesep=\dimen190
\belowbottomsep=\dimen191
\aboverulesep=\dimen192
\abovetopsep=\dimen193
\cmidrulesep=\dimen194
\cmidrulekern=\dimen195
\defaultaddspace=\dimen196
\@cmidla=\count333
\@cmidlb=\count334
\@aboverulesep=\dimen197
\@belowrulesep=\dimen198
\@thisruleclass=\count335
\@lastruleclass=\count336
\@thisrulewidth=\dimen199
)
(/usr/local/texlive/2026/texmf-dist/tex/latex/tools/longtable.sty
Package: longtable 2025-10-13 v4.24 Multi-page Table package (DPC)
\LTleft=\skip59
\LTright=\skip60
\LTpre=\skip61
\LTpost=\skip62
\LTchunksize=\count337
\LTcapwidth=\dimen256
\LT@head=\box59
\LT@firsthead=\box60
\LT@foot=\box61
\LT@lastfoot=\box62
\LT@gbox=\box63
\LT@cols=\count338
\LT@rows=\count339
\c@LT@tables=\count340
\c@LT@chunks=\count341
\LT@p@ftn=\toks36
)
(/usr/local/texlive/2026/texmf-dist/tex/latex/tools/tabularx.sty
Package: tabularx 2023/12/11 v2.12a `tabularx' package (DPC)

(/usr/local/texlive/2026/texmf-dist/tex/latex/tools/array.sty
Package: array 2025/09/25 v2.6n Tabular extension package (FMi)
\col@sep=\dimen257
\ar@mcellbox=\box64
\extrarowheight=\dimen258
\NC@list=\toks37
\extratabsurround=\skip63
\backup@length=\skip64
\ar@cellbox=\box65
)
\TX@col@width=\dimen259
\TX@old@table=\dimen260
\TX@old@col=\dimen261
\TX@target=\dimen262
\TX@delta=\dimen263
\TX@cols=\count342
\TX@ftn=\toks38
)
(/usr/local/texlive/2026/texmf-dist/tex/latex/csquotes/csquotes.sty
Package: csquotes 2024-04-04 v5.2o context-sensitive quotations (JAW)
\csq@reset=\count343
\csq@gtype=\count344
\csq@glevel=\count345
\csq@qlevel=\count346
\csq@maxlvl=\count347
\csq@tshold=\count348
\csq@ltx@everypar=\toks39

(/usr/local/texlive/2026/texmf-dist/tex/latex/csquotes/csquotes.def
File: csquotes.def 2024-04-04 v5.2o csquotes generic definitions (JAW)
)
Package csquotes Info: Trying to load configuration file 'csquotes.cfg'...
Package csquotes Info: ... configuration file loaded successfully.

(/usr/local/texlive/2026/texmf-dist/tex/latex/csquotes/csquotes.cfg
File: csquotes.cfg 
))
(/usr/local/texlive/2026/texmf-dist/tex/latex/biblatex/biblatex.sty
Package: biblatex 2025/07/10 v3.21 programmable bibliographies (PK/MW)

(/usr/local/texlive/2026/texmf-dist/tex/latex/logreq/logreq.sty
Package: logreq 2010/08/04 v1.0 xml request logger
\lrq@indent=\count349

(/usr/local/texlive/2026/texmf-dist/tex/latex/logreq/logreq.def
File: logreq.def 2010/08/04 v1.0 logreq spec v1.0
))
\c@tabx@nest=\count350
\c@listtotal=\count351
\c@listcount=\count352
\c@liststart=\count353
\c@liststop=\count354
\c@citecount=\count355
\c@citetotal=\count356
\c@multicitecount=\count357
\c@multicitetotal=\count358
\c@instcount=\count359
\c@maxnames=\count360
\c@minnames=\count361
\c@maxitems=\count362
\c@minitems=\count363
\c@citecounter=\count364
\c@maxcitecounter=\count365
\c@savedcitecounter=\count366
\c@uniquelist=\count367
\c@uniquename=\count368
\c@refsection=\count369
\c@refsegment=\count370
\c@maxextratitle=\count371
\c@maxextratitleyear=\count372
\c@maxextraname=\count373
\c@maxextradate=\count374
\c@maxextraalpha=\count375
\c@abbrvpenalty=\count376
\c@highnamepenalty=\count377
\c@lownamepenalty=\count378
\c@maxparens=\count379
\c@parenlevel=\count380
\blx@tempcnta=\count381
\blx@tempcntb=\count382
\blx@tempcntc=\count383
\c@blx@maxsection=\count384
\blx@maxsegment@0=\count385
\blx@notetype=\count386
\blx@parenlevel@text=\count387
\blx@parenlevel@foot=\count388
\blx@sectionciteorder@0=\count389
\blx@sectionciteorderinternal@0=\count390
\blx@entrysetcounter=\count391
\blx@biblioinstance=\count392
\labelnumberwidth=\skip65
\labelalphawidth=\skip66
\biblabelsep=\skip67
\bibitemsep=\skip68
\bibnamesep=\skip69
\bibinitsep=\skip70
\bibparsep=\skip71
\bibhang=\skip72
\blx@bcfin=\read3
\blx@bcfout=\write3
\blx@langwohyphens=\language93
\c@mincomprange=\count393
\c@maxcomprange=\count394
\c@mincompwidth=\count395
Package biblatex Info: Trying to load biblatex default data model...
Package biblatex Info: ... file 'blx-dm.def' found.

(/usr/local/texlive/2026/texmf-dist/tex/latex/biblatex/blx-dm.def
File: blx-dm.def 2025/07/10 v3.21 biblatex datamodel (PK/MW)
)
Package biblatex Info: Trying to load biblatex style data model...
Package biblatex Info: ... file 'gost-numeric.dbx' found.

(/usr/local/texlive/2026/texmf-dist/tex/latex/biblatex-gost/gost-numeric.dbx
File: gost-numeric.dbx 2023/04/25 v1.24 biblatex-gost data model
Package biblatex Info: Trying to load biblatex-gost data model...
Package biblatex Info: ... file 'biblatex-gost.dbx' found.

(/usr/local/texlive/2026/texmf-dist/tex/latex/biblatex-gost/biblatex-gost.dbx
File: biblatex-gost.dbx 2023/04/25 v1.24 biblatex-gost data model
))
Package biblatex Info: Trying to load biblatex custom data model...
Package biblatex Info: ... file 'biblatex-dm.cfg' not found.
\c@afterword=\count396
\c@savedafterword=\count397
\c@annotator=\count398
\c@savedannotator=\count399
\c@author=\count400
\c@savedauthor=\count401
\c@bookauthor=\count402
\c@savedbookauthor=\count403
\c@commentator=\count404
\c@savedcommentator=\count405
\c@editor=\count406
\c@savededitor=\count407
\c@editora=\count408
\c@savededitora=\count409
\c@editorb=\count410
\c@savededitorb=\count411
\c@editorc=\count412
\c@savededitorc=\count413
\c@foreword=\count414
\c@savedforeword=\count415
\c@holder=\count416
\c@savedholder=\count417
\c@introduction=\count418
\c@savedintroduction=\count419
\c@namea=\count420
\c@savednamea=\count421
\c@nameb=\count422
\c@savednameb=\count423
\c@namec=\count424
\c@savednamec=\count425
\c@translator=\count426
\c@savedtranslator=\count427
\c@shortauthor=\count428
\c@savedshortauthor=\count429
\c@shorteditor=\count430
\c@savedshorteditor=\count431
\c@booktranslator=\count432
\c@savedbooktranslator=\count433
\c@bookcommentator=\count434
\c@savedbookcommentator=\count435
\c@bookannotator=\count436
\c@savedbookannotator=\count437
\c@bookintroduction=\count438
\c@savedbookintroduction=\count439
\c@bookforeword=\count440
\c@savedbookforeword=\count441
\c@bookafterword=\count442
\c@savedbookafterword=\count443
\c@labelname=\count444
\c@savedlabelname=\count445
\c@institution=\count446
\c@savedinstitution=\count447
\c@lista=\count448
\c@savedlista=\count449
\c@listb=\count450
\c@savedlistb=\count451
\c@listc=\count452
\c@savedlistc=\count453
\c@listd=\count454
\c@savedlistd=\count455
\c@liste=\count456
\c@savedliste=\count457
\c@listf=\count458
\c@savedlistf=\count459
\c@location=\count460
\c@savedlocation=\count461
\c@organization=\count462
\c@savedorganization=\count463
\c@origlocation=\count464
\c@savedoriglocation=\count465
\c@origpublisher=\count466
\c@savedorigpublisher=\count467
\c@publisher=\count468
\c@savedpublisher=\count469
\c@language=\count470
\c@savedlanguage=\count471
\c@origlanguage=\count472
\c@savedoriglanguage=\count473
\c@bookoriglanguage=\count474
\c@savedbookoriglanguage=\count475
\c@specdata=\count476
\c@savedspecdata=\count477
\c@credits=\count478
\c@savedcredits=\count479
\c@bookcredits=\count480
\c@savedbookcredits=\count481
\c@editioncredits=\count482
\c@savededitioncredits=\count483
\c@pageref=\count484
\c@savedpageref=\count485
\shorthandwidth=\skip73
\shortjournalwidth=\skip74
\shortserieswidth=\skip75
\shorttitlewidth=\skip76
\shortauthorwidth=\skip77
\shorteditorwidth=\skip78
\locallabelnumberwidth=\skip79
\locallabelalphawidth=\skip80
\localshorthandwidth=\skip81
\localshortjournalwidth=\skip82
\localshortserieswidth=\skip83
\localshorttitlewidth=\skip84
\localshortauthorwidth=\skip85
\localshorteditorwidth=\skip86
Package biblatex Info: Trying to load compatibility code...
Package biblatex Info: ... file 'blx-compat.def' found.
(/usr/local/texlive/2026/texmf-dist/tex/latex/biblatex/blx-compat.def
File: blx-compat.def 2025/07/10 v3.21 biblatex compatibility (PK/MW)
)
Package biblatex Info: Trying to load generic definitions...
Package biblatex Info: ... file 'biblatex.def' found.

(/usr/local/texlive/2026/texmf-dist/tex/latex/biblatex/biblatex.def
File: biblatex.def 2025/07/10 v3.21 biblatex compatibility (PK/MW)
\c@textcitecount=\count486
\c@textcitetotal=\count487
\c@textcitemaxnames=\count488
\c@biburlbigbreakpenalty=\count489
\c@biburlbreakpenalty=\count490
\c@biburlnumpenalty=\count491
\c@biburlucpenalty=\count492
\c@biburllcpenalty=\count493
\biburlbigskip=\muskip19
\biburlnumskip=\muskip20
\biburlucskip=\muskip21
\biburllcskip=\muskip22
\c@smartand=\count494
)
Package biblatex Info: Trying to load bibliography style 'gost-numeric'...
Package biblatex Info: ... file 'gost-numeric.bbx' found.

(/usr/local/texlive/2026/texmf-dist/tex/latex/biblatex-gost/gost-numeric.bbx
File: gost-numeric.bbx 2023/04/25 v1.24 biblatex-gost styles
Package biblatex Info: Trying to load bibliography style 'gost-standard'...
Package biblatex Info: ... file 'gost-standard.bbx' found.

(/usr/local/texlive/2026/texmf-dist/tex/latex/biblatex-gost/gost-standard.bbx
File: gost-standard.bbx 2023/04/25 v1.24 biblatex-gost styles
Package biblatex Info: Trying to load biblatex-gost generic definitions...
Package biblatex Info: ... file 'biblatex-gost.def' found.

(/usr/local/texlive/2026/texmf-dist/tex/latex/biblatex-gost/biblatex-gost.def
File: biblatex-gost.def 2023/04/25 v1.24 biblatex-gost styles
)
\c@blx@gost@pointer=\count495
\c@bbx:relatedcount=\count496
\c@bbx:relatedtotal=\count497
Package biblatex Info: Redefining autocite command 'footnote'.
Package biblatex Info: Redefining autocite command 'superscript'.
))
Package biblatex Info: Trying to load citation style 'gost-numeric'...
Package biblatex Info: ... file 'gost-numeric.cbx' found.
 (/usr/local/texlive/2026/texmf-dist/tex/latex/biblatex-gost/gost-numeric.cbx
File: gost-numeric.cbx 2023/04/25 v1.24 biblatex-gost styles
Package biblatex Info: Trying to load citation style 'numeric-comp'...
Package biblatex Info: ... file 'numeric-comp.cbx' found.

(/usr/local/texlive/2026/texmf-dist/tex/latex/biblatex/cbx/numeric-comp.cbx
File: numeric-comp.cbx 2025/07/10 v3.21 biblatex citation style (PK/MW)
\c@cbx@tempcnta=\count498
\c@cbx@tempcntb=\count499
\c@cbx@tempcntc=\count500
\c@cbx@tempcntd=\count501
Package biblatex Info: Redefining '\cite'.
Package biblatex Info: Redefining '\parencite'.
Package biblatex Info: Redefining '\footcite'.
Package biblatex Info: Redefining '\footcitetext'.
Package biblatex Info: Redefining '\smartcite'.
Package biblatex Info: Redefining '\supercite'.
Package biblatex Info: Redefining '\textcite'.
Package biblatex Info: Redefining '\textcites'.
Package biblatex Info: Redefining '\cites'.
Package biblatex Info: Redefining '\parencites'.
Package biblatex Info: Redefining '\smartcites'.
))
Package biblatex Info: Trying to load configuration file...
Package biblatex Info: ... file 'biblatex.cfg' found.

(/usr/local/texlive/2026/texmf-dist/tex/latex/biblatex/biblatex.cfg
File: biblatex.cfg 
)
Package biblatex Info: Input encoding 'utf8' detected.
Package biblatex Info: Document encoding is UTF8 ....

(/usr/local/texlive/2026/texmf-dist/tex/latex/l3kernel/expl3.sty
Package: expl3 2026-01-19 L3 programming layer (loader) 

(/usr/local/texlive/2026/texmf-dist/tex/latex/l3backend/l3backend-pdftex.def
File: l3backend-pdftex.def 2025-10-09 L3 backend support: PDF output (pdfTeX)
\l__color_backend_stack_int=\count502
))
Package biblatex Info: ... and expl3
(biblatex)             2026-01-19 L3 programming layer (loader) 
(biblatex)             is new enough (at least 2020/04/06),
(biblatex)             setting 'casechanger=expl3'.

(/usr/local/texlive/2026/texmf-dist/tex/latex/biblatex/blx-case-expl3.sty
(/usr/local/texlive/2026/texmf-dist/tex/latex/l3packages/xparse/xparse.sty
Package: xparse 2025-10-09 L3 Experimental document command parser
)
Package: blx-case-expl3 2025/07/10 v3.21 expl3 case changing code for biblatex
))
(/usr/local/texlive/2026/texmf-dist/tex/latex/listings/lstlang1.sty
File: lstlang1.sty 2025/11/14 1.11b listings language file
)
Package csquotes Info: Checking for multilingual support...
Package csquotes Info: ... found 'babel' package.
Package csquotes Info: Adjusting default style.
Package csquotes Info: Redefining alias 'default' -> 'russian'.

(./main.aux
Package babel Info: 'russian' activates 'russian' shorthands.
(babel)             Reported on input line 9.
)
\openout1 = `main.aux'.

LaTeX Font Info:    Checking defaults for OML/cmm/m/it on input line 84.
LaTeX Font Info:    ... okay on input line 84.
LaTeX Font Info:    Checking defaults for OMS/cmsy/m/n on input line 84.
LaTeX Font Info:    ... okay on input line 84.
LaTeX Font Info:    Checking defaults for OT1/cmr/m/n on input line 84.
LaTeX Font Info:    ... okay on input line 84.
LaTeX Font Info:    Checking defaults for T1/cmr/m/n on input line 84.
LaTeX Font Info:    ... okay on input line 84.
LaTeX Font Info:    Checking defaults for TS1/cmr/m/n on input line 84.
LaTeX Font Info:    ... okay on input line 84.
LaTeX Font Info:    Checking defaults for OMX/cmex/m/n on input line 84.
LaTeX Font Info:    ... okay on input line 84.
LaTeX Font Info:    Checking defaults for U/cmr/m/n on input line 84.
LaTeX Font Info:    ... okay on input line 84.
LaTeX Font Info:    Checking defaults for T2A/cmr/m/n on input line 84.
LaTeX Font Info:    ... okay on input line 84.
LaTeX Font Info:    Checking defaults for PD1/pdf/m/n on input line 84.
LaTeX Font Info:    ... okay on input line 84.
LaTeX Font Info:    Checking defaults for PU/pdf/m/n on input line 84.
LaTeX Font Info:    ... okay on input line 84.
LaTeX Info: Redefining \th on input line 84.

*geometry* driver: auto-detecting
*geometry* detected driver: pdftex
*geometry* verbose mode - [ preamble ] result:
* driver: pdftex
* paper: a4paper
* layout: <same size as paper>
* layoutoffset:(h,v)=(0.0pt,0.0pt)
* modes: 
* h-part:(L,W,R)=(85.35826pt, 469.47049pt, 42.67912pt)
* v-part:(T,H,B)=(56.9055pt, 731.23584pt, 56.9055pt)
* \paperwidth=597.50787pt
* \paperheight=845.04684pt
* \textwidth=469.47049pt
* \textheight=731.23584pt
* \oddsidemargin=13.08827pt
* \evensidemargin=13.08827pt
* \topmargin=-54.36449pt
* \headheight=14.0pt
* \headsep=25.0pt
* \topskip=14.0pt
* \footskip=30.0pt
* \marginparwidth=15.0pt
* \marginparsep=10.0pt
* \columnsep=10.0pt
* \skip\footins=12.0pt plus 4.0pt minus 2.0pt
* \hoffset=0.0pt
* \voffset=0.0pt
* \mag=1000
* \@twocolumnfalse
* \@twosidefalse
* \@mparswitchfalse
* \@reversemarginfalse
* (1in=72.27pt=25.4mm, 1cm=28.453pt)

(/usr/local/texlive/2026/texmf-dist/tex/context/base/mkii/supp-pdf.mkii
[Loading MPS to PDF converter (version 2006.09.02).]
\scratchcounter=\count503
\scratchdimen=\dimen264
\scratchbox=\box66
\nofMPsegments=\count504
\nofMParguments=\count505
\everyMPshowfont=\toks40
\MPscratchCnt=\count506
\MPscratchDim=\dimen265
\MPnumerator=\count507
\makeMPintoPDFobject=\count508
\everyMPtoPDFconversion=\toks41
) (/usr/local/texlive/2026/texmf-dist/tex/latex/epstopdf-pkg/epstopdf-base.sty
Package: epstopdf-base 2020-01-24 v2.11 Base part for package epstopdf
Package epstopdf-base Info: Redefining graphics rule for `.eps' on input line 4
85.

(/usr/local/texlive/2026/texmf-dist/tex/latex/latexconfig/epstopdf-sys.cfg
File: epstopdf-sys.cfg 2010/07/13 v1.3 Configuration of (r)epstopdf for TeX Liv
e
))
Package hyperref Info: Link coloring OFF on input line 84.

(./main.out) (./main.out)
\@outlinefile=\write4
\openout4 = `main.out'.

LaTeX Font Info:    Trying to load font information for T2A+cmtt on input line 
84.

(/usr/local/texlive/2026/texmf-dist/tex/latex/cyrillic/t2acmtt.fd
File: t2acmtt.fd 2001/08/11 v1.0a Computer Modern Cyrillic font definitions
)

LaTeX Font Warning: Font shape `T2A/cmtt/m/scsl' undefined
(Font)              using `T2A/cmtt/m/sc' instead on input line 84.


LaTeX Font Warning: Font shape `T2A/cmtt/b/n' undefined
(Font)              using `T2A/cmtt/m/n' instead on input line 84.


LaTeX Font Warning: Font shape `T2A/cmtt/b/it' undefined
(Font)              using `T2A/cmtt/b/n' instead on input line 84.


LaTeX Font Warning: Font shape `T2A/cmtt/b/sl' undefined
(Font)              using `T2A/cmtt/b/it' instead on input line 84.


LaTeX Font Warning: Font shape `T2A/cmtt/b/scit' undefined
(Font)              using `T2A/cmtt/b/sc' instead on input line 84.


LaTeX Font Warning: Font shape `T2A/cmtt/b/sc' undefined
(Font)              using `T2A/cmtt/b/n' instead on input line 84.

LaTeX Font Info:    Font shape `T2A/cmtt/bx/n' in size <14.4> not available
(Font)              Font shape `T2A/cmtt/m/n' tried instead on input line 84.
LaTeX Font Info:    Font shape `T2A/cmtt/bx/it' in size <14.4> not available
(Font)              Font shape `T2A/cmtt/m/it' tried instead on input line 84.

LaTeX Font Warning: Font shape `T2A/cmtt/bx/sl' undefined
(Font)              using `T2A/cmtt/bx/it' instead on input line 84.


LaTeX Font Warning: Font shape `T2A/cmtt/bx/scit' undefined
(Font)              using `T2A/cmtt/bx/sc' instead on input line 84.


LaTeX Font Warning: Font shape `T2A/cmtt/bx/sc' undefined
(Font)              using `T2A/cmtt/bx/n' instead on input line 84.


LaTeX Font Warning: Font shape `T2A/cmtt/sbx/sc' undefined
(Font)              using `T2A/cmtt/bx/sc' instead on input line 84.


LaTeX Font Warning: Font shape `T2A/cmtt/sbx/n' undefined
(Font)              using `T2A/cmtt/bx/n' instead on input line 84.


LaTeX Font Warning: Font shape `T2A/cmtt/sbx/it' undefined
(Font)              using `T2A/cmtt/bx/it' instead on input line 84.


LaTeX Font Warning: Font shape `T2A/cmtt/bx/sl' undefined
(Font)              using `T2A/cmtt/bx/it' instead on input line 84.


LaTeX Font Warning: Font shape `T2A/cmtt/sbx/it' undefined
(Font)              using `T2A/cmtt/bx/it' instead on input line 84.


LaTeX Font Warning: Font shape `T2A/cmtt/bx/scit' undefined
(Font)              using `T2A/cmtt/bx/sc' instead on input line 84.

LaTeX Font Info:    Font shape `T2A/cmtt/bx/sc' in size <14.4> not available
(Font)              Font shape `T2A/cmtt/m/n' tried instead on input line 84.

LaTeX Font Warning: Font shape `T2A/cmtt/bc/sc' undefined
(Font)              using `T2A/cmtt/c/sc' instead on input line 84.


LaTeX Font Warning: Font shape `T2A/cmtt/c/n' undefined
(Font)              using `T2A/cmtt/m/n' instead on input line 84.


LaTeX Font Warning: Font shape `T2A/cmtt/c/it' undefined
(Font)              using `T2A/cmtt/c/n' instead on input line 84.


LaTeX Font Warning: Font shape `T2A/cmtt/c/sl' undefined
(Font)              using `T2A/cmtt/c/it' instead on input line 84.


LaTeX Font Warning: Font shape `T2A/cmtt/c/scit' undefined
(Font)              using `T2A/cmtt/c/sc' instead on input line 84.


LaTeX Font Warning: Font shape `T2A/cmtt/c/sc' undefined
(Font)              using `T2A/cmtt/c/n' instead on input line 84.


LaTeX Font Warning: Font shape `T2A/cmtt/lc/sc' undefined
(Font)              using `T2A/cmtt/c/sc' instead on input line 84.


LaTeX Font Warning: Font shape `T2A/cmtt/lc/n' undefined
(Font)              using `T2A/cmtt/c/n' instead on input line 84.


LaTeX Font Warning: Font shape `T2A/cmtt/lc/it' undefined
(Font)              using `T2A/cmtt/c/it' instead on input line 84.


LaTeX Font Warning: Font shape `T2A/cmtt/c/sl' undefined
(Font)              using `T2A/cmtt/c/it' instead on input line 84.


LaTeX Font Warning: Font shape `T2A/cmtt/lc/it' undefined
(Font)              using `T2A/cmtt/c/it' instead on input line 84.


LaTeX Font Warning: Font shape `T2A/cmtt/c/scit' undefined
(Font)              using `T2A/cmtt/c/sc' instead on input line 84.


LaTeX Font Warning: Font shape `T2A/cmtt/m/ui' undefined
(Font)              using `T2A/cmtt/m/n' instead on input line 84.


LaTeX Font Warning: Font shape `T2A/cmtt/bx/ui' undefined
(Font)              using `T2A/cmtt/bx/n' instead on input line 84.


LaTeX Font Warning: Font shape `T2A/cmtt/m/In' undefined
(Font)              using `T2A/cmtt/m/n' instead on input line 84.

\c@lstlisting=\count509
Package biblatex Info: Trying to load language 'russian' -> 'russian-gost'...
Package biblatex Info: ... file 'russian-gost.lbx' found.
(/usr/local/texlive/2026/texmf-dist/tex/latex/biblatex-gost/russian-gost.lbx
File: russian-gost.lbx 2023/04/25 v1.24 biblatex-gost styles
Package biblatex Info: Trying to load language 'russian'...
Package biblatex Info: ... file 'russian.lbx' found.

(/usr/local/texlive/2026/texmf-dist/tex/latex/biblatex/lbx/russian.lbx
File: russian.lbx 2025/07/10 v3.21 biblatex localization (PK/MW)
)
Package biblatex Info: Trying to load language 'russian'...
Package biblatex Info: ... file 'russian.lbx' found.

(/usr/local/texlive/2026/texmf-dist/tex/latex/biblatex/lbx/russian.lbx
File: russian.lbx 2025/07/10 v3.21 biblatex localization (PK/MW)
))
Package biblatex Info: Input encoding 'utf8' detected.
Package biblatex Info: Automatic encoding selection.
(biblatex)             Assuming data encoding 'utf8'.
\openout3 = `main.bcf'.

Package biblatex Info: Trying to load bibliographic data...
Package biblatex Info: ... file 'main.bbl' found.

(./main.bbl)
Package biblatex Info: Reference section=0 on input line 84.
Package biblatex Info: Reference segment=0 on input line 84.
 (./sections/titlepage.tex
LaTeX Font Info:    Trying to load font information for U+msa on input line 22.


(/usr/local/texlive/2026/texmf-dist/tex/latex/amsfonts/umsa.fd
File: umsa.fd 2013/01/14 v3.01 AMS symbols A
)
LaTeX Font Info:    Trying to load font information for U+msb on input line 22.


(/usr/local/texlive/2026/texmf-dist/tex/latex/amsfonts/umsb.fd
File: umsb.fd 2013/01/14 v3.01 AMS symbols B
) [1

{/usr/local/texlive/2026/texmf-var/fonts/map/pdftex/updmap/pdftex.map}{/usr/loc
al/texlive/2026/texmf-dist/fonts/enc/dvips/cm-super/cm-super-t2a.enc}]) (./main
.toc
pdfTeX warning (ext4): destination with the same identifier (name{page.1}) has 
been already used, duplicate ignored
<to be read again> 
                   \relax 
l.41 ...С‚СЊ С‡РµСЂРµР· GET>>}{24}{subsection.4.3}
                                                  % [1])
\tf@toc=\write5
\openout5 = `main.toc'.

 [2]
(./sections/introduction.tex [3{/usr/local/texlive/2026/texmf-dist/fonts/enc/dv
ips/cm-super/cm-super-ts1.enc}]
Underfull \hbox (badness 10000) in paragraph at lines 28--29
[]\T2A/cmr/m/n/14.4 Реализовать ме-ха-низ-мы обес-пе-че-ния идем-по-тент-но-сти

 []


Underfull \hbox (badness 2990) in paragraph at lines 28--29
\T2A/cmr/m/n/14.4 (Idempotency-Key, optimistic locking, unique constraints) и п
ро-
 []


Underfull \hbox (badness 10000) in paragraph at lines 28--29
\T2A/cmr/m/n/14.4 де-мон-стри-ро-вать их пе-ре-ис-поль-зо-ва-ние меж-ду транс-п
ор-та-
 []


Underfull \hbox (badness 10000) in paragraph at lines 28--29
\T2A/cmr/m/n/14.4 ми: еди-ный \T2A/cmtt/c/sc/14.4 IdempotencyService \T2A/cmr/m
/n/14.4 об-слу-жи-ва-ет HTTP-фильтр
 []


Underfull \hbox (badness 10000) in paragraph at lines 30--31
[]\T2A/cmr/m/n/14.4 Разработать на-бор ин-те-гра-ци-он-ных те-стов с ис-поль-зо
-ва-ни-ем
 []

) (./sections/methods.tex [4] [5]
Underfull \hbox (badness 10000) in paragraph at lines 68--69
[]|\T2A/cmr/m/n/14.4 Получение пред-став-
 []


Underfull \hbox (badness 1496) in paragraph at lines 72--73
[]|\T2A/cmr/m/n/14.4 Создание или про-из-
 []

[6
pdfTeX warning (ext4): destination with the same identifier (name{table.1}) has
 been already used, duplicate ignored
<argument> ...shipout:D \box_use:N \l_shipout_box 
                                                  \__shipout_drop_firstpage_...
l.83 
     ]
Underfull \hbox (badness 4266) in paragraph at lines 107--108
\T2A/cmr/m/n/14.4 Hibernate ав-то-ма-ти-че-ски до-бав-ля-ет про-вер-ку вер-сии 
в SQL-запрос
 []

Package hyperref Info: bookmark level for unknown algorithm defaults to 0 on in
put line 114.
[7]
Underfull \hbox (badness 4832) in paragraph at lines 151--152
\T2A/cmr/m/n/14.4 вра-ща-ет гон-ку (race condition): ес-ли два за-про-са с од-н
им клю-
 []

[8]
Underfull \hbox (badness 10000) in paragraph at lines 180--181
[]\T2A/cmr/m/n/14.4 Возвращаем кэ-ши-ро-ван-ный от-вет: \T2A/cmtt/c/sc/14.4 201
 Created\T2A/cmr/m/n/14.4 , те-ло: \T2A/cmtt/c/sc/14.4 {id:
 []

[9]
Underfull \hbox (badness 3058) in paragraph at lines 229--229
[]|\T2A/cmr/bx/n/8 Маршрутизация / об-ра-бот-
 []


Underfull \hbox (badness 1281) in paragraph at lines 229--229
[]|\T2A/cmr/m/n/8 Аннотации @GetMapping, ме-тод
 []


Underfull \hbox (badness 10000) in paragraph at lines 229--229
[]|\T2A/cmr/m/n/8 RouterFunction $\OMS/cmsy/m/n/8 !$
 []


Underfull \hbox (badness 10000) in paragraph at lines 229--229
[]|\T2A/cmr/m/n/8 Автогенерация из
 []


Underfull \hbox (badness 10000) in paragraph at lines 229--229
[]|\T2A/cmr/m/n/8 @PayloadRoot,
 []


Underfull \hbox (badness 10000) in paragraph at lines 229--229
[]|\T2A/cmr/m/n/8 @QueryMapping /
 []


Underfull \hbox (badness 10000) in paragraph at lines 229--229
\T2A/cmr/m/n/8 @MutationMapping, single
 []

[10
pdfTeX warning (ext4): destination with the same identifier (name{table.2}) has
 been already used, duplicate ignored
<argument> ...shipout:D \box_use:N \l_shipout_box 
                                                  \__shipout_drop_firstpage_...
l.237 
      
pdfTeX warning (ext4): destination with the same identifier (name{table.3}) has
 been already used, duplicate ignored
<argument> ...shipout:D \box_use:N \l_shipout_box 
                                                  \__shipout_drop_firstpage_...
l.237 
      ] [11]
Underfull \hbox (badness 10000) in paragraph at lines 264--265
[]\T2A/cmr/m/n/14.4 В на-шей ре-а-ли-за-ции (до-мен \T2A/cmtt/c/sc/14.4 shipmen
ts\T2A/cmr/m/n/14.4 ) сервлет
 []


Underfull \hbox (badness 10000) in paragraph at lines 264--265
\T2A/cmtt/c/sc/14.4 MessageDispatcherServlet \T2A/cmr/m/n/14.4 за-ре-ги-стри-ро
-ван под URL-паттерном
 []


Underfull \hbox (badness 10000) in paragraph at lines 264--265
\T2A/cmtt/c/sc/14.4 /api/soap/*\T2A/cmr/m/n/14.4 . Кон-тракт опи-сан в \T2A/cmt
t/c/sc/14.4 xsd/shipments.xsd \T2A/cmr/m/n/14.4 с ти-па-ми
 []


Underfull \hbox (badness 10000) in paragraph at lines 264--265
\T2A/cmtt/c/sc/14.4 createShipmentRequest\T2A/cmr/m/n/14.4 , \T2A/cmtt/c/sc/14.
4 createShipmentResponse \T2A/cmr/m/n/14.4 и т.д. Энд-
 []


Underfull \hbox (badness 10000) in paragraph at lines 264--265
\T2A/cmr/m/n/14.4 по-инт \T2A/cmtt/c/sc/14.4 ShipmentEndpoint \T2A/cmr/m/n/14.4
 ан-но-ти-ро-ван \T2A/cmtt/c/sc/14.4 @Endpoint\T2A/cmr/m/n/14.4 , ме-то-ды ---
 []


Underfull \hbox (badness 10000) in paragraph at lines 264--265
\T2A/cmtt/c/sc/14.4 @PayloadRoot(namespace=..., localPart=...) \T2A/cmr/m/n/14.
4 и \T2A/cmtt/c/sc/14.4 @ResponsePayload\T2A/cmr/m/n/14.4 ;
 []


Underfull \hbox (badness 10000) in paragraph at lines 266--267
[]\T2A/cmr/m/n/14.4 Ключевой мо-мент с точ-ки зре-ния идем-по-тент-но-сти:
 []


Underfull \hbox (badness 7944) in paragraph at lines 266--267
\T2A/cmtt/c/sc/14.4 MessageDispatcherServlet \T2A/cmr/m/n/14.4 --- это обыч-ный
 \T2A/cmtt/c/sc/14.4 HttpServlet\T2A/cmr/m/n/14.4 , по-это-му
 []


Underfull \hbox (badness 10000) in paragraph at lines 273--274
[]\T2A/cmr/m/n/14.4 В на-шей ре-а-ли-за-ции (до-мен \T2A/cmtt/c/sc/14.4 notific
ations\T2A/cmr/m/n/14.4 ) ис-поль-зу-
 []


Underfull \hbox (badness 10000) in paragraph at lines 273--274
\T2A/cmr/m/n/14.4 ет-ся стар-тер \T2A/cmtt/c/sc/14.4 grpc-spring-boot-starter \
T2A/cmr/m/n/14.4 [[]15[]]; gRPC-сервис
 []

[12]
Overfull \hbox (15.39378pt too wide) in paragraph at lines 276--277
\T2A/cmtt/c/sc/14.4 call.getMethodDescriptor().getResponseMarshaller().parse(..
.)\T2A/cmr/m/n/14.4 .
 []


Underfull \hbox (badness 10000) in paragraph at lines 277--278
[]\T2A/cmr/m/n/14.4 При но-вом вы-зо-ве ре-ги-стри-ру-ет ключ че-рез
 []


Underfull \hbox (badness 10000) in paragraph at lines 277--278
\T2A/cmr/m/n/14.4 тот же \T2A/cmtt/c/sc/14.4 IdempotencyService\T2A/cmr/m/n/14.
4 , обо-ра-чи-ва-ет call в
 []


Underfull \hbox (badness 10000) in paragraph at lines 277--278
\T2A/cmtt/c/sc/14.4 ForwardingServerCall.SimpleForwardingServerCall\T2A/cmr/m/n
/14.4 , пе-ре-хва-
 []


Underfull \hbox (badness 4266) in paragraph at lines 277--278
\T2A/cmr/m/n/14.4 ты-ва-ет \T2A/cmtt/c/sc/14.4 sendMessage(RespT)\T2A/cmr/m/n/1
4.4 , се-ри-а-ли-зу-ет от-вет че-рез тот же
 []


Underfull \hbox (badness 2617) in paragraph at lines 280--281
[]\T2A/cmr/m/n/14.4 Таким об-ра-зом, gRPC-перехватчик пе-ре-ис-поль-зу-ет \T2A/
cmr/m/it/14.4 тот же бин
 []

[13]
Underfull \hbox (badness 1163) in paragraph at lines 299--301
\T2A/cmr/m/n/14.4 в \T2A/cmtt/c/sc/14.4 response_-body TEXT \T2A/cmr/m/n/14.4 л
и-бо бай-ты в \T2A/cmtt/c/sc/14.4 response_-body_-bytes BYTEA\T2A/cmr/m/n/14.4 
), а
 []


Underfull \hbox (badness 10000) in paragraph at lines 304--305
\T2A/cmtt/c/sc/14.4 content_-type VARCHAR(150)\T2A/cmr/m/n/14.4 , \T2A/cmtt/c/s
c/14.4 response_-kind VARCHAR(16)\T2A/cmr/m/n/14.4 ,
 []


Underfull \hbox (badness 10000) in paragraph at lines 306--307
[]\T2A/cmtt/c/sc/14.4 IdempotencyFilter \T2A/cmr/m/n/14.4 по-сле \T2A/cmtt/c/sc
/14.4 filterChain.doFilter
 []


Underfull \hbox (badness 10000) in paragraph at lines 306--307
\T2A/cmr/m/n/14.4 чи-та-ет ре-аль-ный Content-Type че-рез
 []


Overfull \hbox (11.58936pt too wide) in paragraph at lines 306--307
\T2A/cmtt/c/sc/14.4 ContentCachingResponseWrapper.getHeader(HttpHeaders.CONTENT
_-
 []


Underfull \hbox (badness 1838) in paragraph at lines 306--307
\T2A/cmr/m/n/14.4 че-рез \T2A/cmtt/c/sc/14.4 response.getOutputStream() \T2A/cm
r/m/n/14.4 --- уни-фи-ци-ро-ван-но по бай-
 []


Underfull \hbox (badness 7486) in paragraph at lines 315--316
[]\T2A/cmr/bx/n/14.4 Spring Boot Test \T2A/cmr/m/n/14.4 --- ин-те-гра-ци-он-ное
 те-сти-ро-ва-ние Spring-
 []

[14]
Underfull \hbox (badness 1028) in paragraph at lines 318--319
[]\T2A/cmr/bx/n/14.4 Spring Profiles \T2A/cmr/m/n/14.4 --- пе-ре-клю-че-ние кон
-фи-гу-ра-ции для те-сти-ро-ва-
 []

) (./sections/results.tex
Underfull \hbox (badness 10000) in paragraph at lines 8--9
[]\T2A/cmr/bx/n/14.4 Платежи \T2A/cmr/m/n/14.4 (\T2A/cmtt/c/sc/14.4 /api/paymen
ts\T2A/cmr/m/n/14.4 ) --- функ-ци-о-наль-ные энд-по-ин-ты
 []


Underfull \hbox (badness 10000) in paragraph at lines 11--12
[]\T2A/cmr/bx/n/14.4 Уведомления \T2A/cmr/m/n/14.4 (\T2A/cmtt/c/sc/14.4 localho
st:9090\T2A/cmr/m/n/14.4 ) --- gRPC-сервис, кон-тракт
 []


Underfull \hbox (badness 10000) in paragraph at lines 12--13
[]\T2A/cmr/bx/n/14.4 Инвентарь \T2A/cmr/m/n/14.4 (\T2A/cmtt/c/sc/14.4 /graphql\
T2A/cmr/m/n/14.4 ) --- GraphQL-контроллер, схе-ма
 []

[15]
Underfull \hbox (badness 10000) in paragraph at lines 37--37
[]\T2A/cmtt/c/sc/14.4 |-- config/                 # WebMvcConfig (URL-
 []


Overfull \hbox (107.89034pt too wide) in paragraph at lines 37--37
[]\T2A/cmtt/c/sc/14.4 |-- idempotency/            # Filter, Service, Entity, Re
pository, ResponseKind[] 
 []


Overfull \hbox (27.49832pt too wide) in paragraph at lines 37--37
[]\T2A/cmtt/c/sc/14.4 |-- order/                  # @RestController + Service +
 Repository[] 
 []


Overfull \hbox (5.57323pt too wide) in paragraph at lines 37--37
[]\T2A/cmtt/c/sc/14.4 |-- payment/                # Functional: PaymentRouter +
 Handler[] 
 []


Overfull \hbox (115.1987pt too wide) in paragraph at lines 37--37
[]\T2A/cmtt/c/sc/14.4 |-- product/                # Spring Data REST: ProductRe
pository + EventHandler[] 
 []


Overfull \hbox (122.50706pt too wide) in paragraph at lines 37--37
[]\T2A/cmtt/c/sc/14.4 |-- soap/shipment/          # SOAP: ShipmentEndpoint + Se
rvice + WebServiceConfig[] 
 []


Overfull \hbox (100.58197pt too wide) in paragraph at lines 37--37
[]\T2A/cmtt/c/sc/14.4 |-- grpc/                   # GrpcIdempotencyInterceptor 
(общий для всех gRPC-
 []


Overfull \hbox (144.43216pt too wide) in paragraph at lines 37--37
[]\T2A/cmtt/c/sc/14.4 |   `-- notification/       # gRPC-домен: NotificationGrp
cService + Service + Entity[] 
 []


Overfull \hbox (144.43216pt too wide) in paragraph at lines 37--37
[]\T2A/cmtt/c/sc/14.4 |-- graphql/inventory/      # GraphQL: InventoryGraphqlCo
ntroller + Service + Entity[] 
 []


Underfull \hbox (badness 4353) in paragraph at lines 60--60
[]|\T2A/cmr/m/n/8 id (UUID), order_-id (FK), amount,
 []


Underfull \hbox (badness 6001) in paragraph at lines 60--60
[]|\T2A/cmr/m/n/8 id (BIGSERIAL), sku, name, price,
 []


Underfull \hbox (badness 2012) in paragraph at lines 63--64
\T2A/cmtt/c/sc/14.4 response_-content_-type \T2A/cmr/m/n/14.4 вос-ста-нав-ли-ва
-ет ори-ги-наль-ный MIME-тип на
 []

[16
pdfTeX warning (ext4): destination with the same identifier (name{table.4}) has
 been already used, duplicate ignored
<argument> ...shipout:D \box_use:N \l_shipout_box 
                                                  \__shipout_drop_firstpage_...
l.65 \subsubsection
                   {РљРѕРјРїРѕРЅРµРЅС‚С‹ РјРµС…Р°РЅРёР·РјР° РёРґРµРјРїРѕС‚Рµ...
]
Underfull \hbox (badness 5667) in paragraph at lines 67--68
[]\T2A/cmr/m/n/14.4 Механизм идем-по-тент-но-сти ре-а-ли-зо-ван че-рез че-ты-ре
 ком-по-нен-
 []


Underfull \hbox (badness 1048) in paragraph at lines 67--68
\T2A/cmr/m/n/14.4 та, пе-ре-ис-поль-зу-е-мых че-тырь-мя HTTP-транспортами и од-
ним gRPC-
 []


Underfull \hbox (badness 2922) in paragraph at lines 70--71
[]\T2A/cmr/bx/n/14.4 IdempotencyFilter \T2A/cmr/m/n/14.4 --- един-ствен-ный HTT
P-фильтр (на-след-ник
 []


Underfull \hbox (badness 10000) in paragraph at lines 70--71
\T2A/cmtt/c/sc/14.4 /graphql\T2A/cmr/m/n/14.4 . Ре-а-ли-зу-ет ал-го-ритм []1[].
 От-клю-ча-ет-ся па-ра-мет-ром
 []


Underfull \hbox (badness 10000) in paragraph at lines 70--71
[]\T2A/cmr/m/n/14.4 . По-сле до-ра-бот-ки V4 (џ[]2.8[])
 []


Underfull \hbox (badness 3547) in paragraph at lines 72--73
\T2A/cmr/m/n/14.4 ра-бо-та-ет с лю-бым unary-методом лю-бо-го gRPC-сервиса че-р
ез
 []


Underfull \hbox (badness 10000) in paragraph at lines 84--85
[]\T2A/cmr/bx/n/14.4 Профиль по умол-ча-нию\T2A/cmr/m/n/14.4 : идем-по-тент-нос
ть вклю-че-на
 []


Underfull \hbox (badness 10000) in paragraph at lines 86--87
[]\T2A/cmr/bx/n/14.4 Профиль non-idempotent\T2A/cmr/m/n/14.4 : идем-по-тент-нос
ть от-клю-че-на
 []


Underfull \hbox (badness 10000) in paragraph at lines 86--87
\T2A/cmr/m/n/14.4 ([]), Flyway до-пол-ни-тель-но при-ме-ня-ет ми-гра-ции
 []

[17]
Overfull \hbox (9.38863pt too wide) in paragraph at lines 100--116
 [][] 
 []


Underfull \hbox (badness 1038) in paragraph at lines 127--128
[]\T2A/cmr/bx/n/14.4 DELETE идем-по-тен-тен \T2A/cmr/m/n/14.4 --- пер-вый вы-зо
в воз-вра-ща-ет 204 No
 []

[18
pdfTeX warning (ext4): destination with the same identifier (name{table.5}) has
 been already used, duplicate ignored
<argument> ...shipout:D \box_use:N \l_shipout_box 
                                                  \__shipout_drop_firstpage_...
l.129 \end{enumerate}
                     ]
Underfull \hbox (badness 10000) in paragraph at lines 145--146
\T2A/cmr/m/n/14.4 ав-то-ма-ти-че-ски ин-кре-мен-ти-ру-ет-ся. Про-ве-ря-ет-ся со
в-па-де-ние
 []


Underfull \hbox (badness 3471) in paragraph at lines 154--155
[]\T2A/cmr/bx/n/14.4 Импорт за-ка-зов из JSON \T2A/cmr/m/n/14.4 --- за-груз-ка 
дан-ных из фай-ла
 []


Underfull \hbox (badness 4765) in paragraph at lines 155--156
[]\T2A/cmr/bx/n/14.4 Импорт то-ва-ров из CSV \T2A/cmr/m/n/14.4 --- за-груз-ка д
ан-ных из фай-ла
 []

[19]
Underfull \hbox (badness 2452) in paragraph at lines 160--161
[]\T2A/cmr/m/n/14.4 Тесты ис-поль-зу-ют \T2A/cmtt/c/sc/14.4 TestRestTemplate \T
2A/cmr/m/n/14.4 на random-порту (MockMvc
 []


Underfull \hbox (badness 10000) in paragraph at lines 160--161
\T2A/cmr/m/n/14.4 марш-ру-ти-зи-ру-ет толь-ко в \T2A/cmtt/c/sc/14.4 DispatcherS
ervlet \T2A/cmr/m/n/14.4 и не вы-зы-ва-ет
 []


Underfull \hbox (badness 10000) in paragraph at lines 160--161
\T2A/cmtt/c/sc/14.4 MessageDispatcherServlet\T2A/cmr/m/n/14.4 ), от-прав-ляя сы
-рой SOAP-envelope в
 []


Underfull \hbox (badness 1383) in paragraph at lines 169--170
[]\T2A/cmr/m/n/14.4 Тесты под-клю-ча-ют-ся че-рез \T2A/cmtt/c/sc/14.4 InProcess
ChannelBuilder \T2A/cmr/m/n/14.4 к in-process
 []


Underfull \hbox (badness 10000) in paragraph at lines 179--180
[]\T2A/cmr/m/n/14.4 Тесты ис-поль-зу-ют \T2A/cmtt/c/sc/14.4 TestRestTemplate \T
2A/cmr/m/n/14.4 на \T2A/cmtt/c/sc/14.4 /graphql\T2A/cmr/m/n/14.4 , от-прав-ляя
 []

[20]
Underfull \hbox (badness 10000) in paragraph at lines 194--195
[]\T2A/cmr/m/n/14.4 Миграция V8 уда-ля-ет UNIQUE constraints на \T2A/cmtt/c/sc/
14.4 shipments\T2A/cmr/m/n/14.4 ,
 []


Underfull \hbox (badness 1092) in paragraph at lines 214--214
[]|\T2A/cmr/m/n/12 REST по-втор-ный POST с тем же
 []


Underfull \hbox (badness 10000) in paragraph at lines 214--214
[]|\T2A/cmr/m/n/12 SOAP createShipment с тем же
 []


Underfull \hbox (badness 2591) in paragraph at lines 214--214
[]|\T2A/cmr/m/n/12 Interceptor вы-клю-чен $\OMS/cmsy/m/n/12 )$ \T2A/cmr/m/n/12 
дуб-ли-кат
 []

) (./sections/discussion.tex
Underfull \hbox (badness 4120) in paragraph at lines 217--1
[]\T2A/cmr/m/n/14.4 Все семь те-стов \T2A/cmtt/c/sc/14.4 NonIdempotentProfileTe
st \T2A/cmr/m/n/14.4 про-хо-дят зе-лј-ны-ми,
 []


Underfull \hbox (badness 5231) in paragraph at lines 217--1
\T2A/cmr/m/n/14.4 под-твер-ждая на-ли-чие про-блем во всех ше-сти транс-пор-тах
. Каж-
 []


Underfull \hbox (badness 2035) in paragraph at lines 217--1
\T2A/cmr/m/n/14.4 дый тест ис-поль-зу-ет пря-мые assertions: на-при-мер, про-ве
-ря-ет-ся, что
 []


Underfull \hbox (badness 2277) in paragraph at lines 217--1
[] \T2A/cmr/m/n/14.4 --- без пе-ре-хват-чи-ка gRPC и
 []


Underfull \hbox (badness 2512) in paragraph at lines 217--1
\T2A/cmr/m/n/14.4 без DB constraint дей-стви-тель-но со-зда-ют-ся дуб-ли-ка-ты.
 Это де-мон-
 []

[21
pdfTeX warning (ext4): destination with the same identifier (name{table.6}) has
 been already used, duplicate ignored
<argument> ...shipout:D \box_use:N \l_shipout_box 
                                                  \__shipout_drop_firstpage_...
l.1 \section
            {РћР±СЃСѓР¶РґРµРЅРёРµ}]
Underfull \hbox (badness 1152) in paragraph at lines 30--31
\T2A/cmr/m/n/14.4 кость в ре-а-ли-за-ции идем-по-тент-но-сти, но тре-бу-ет руч-
ной ре-а-ли-за-ции
 []

[22
pdfTeX warning (ext4): destination with the same identifier (name{table.7}) has
 been already used, duplicate ignored
<argument> ...shipout:D \box_use:N \l_shipout_box 
                                                  \__shipout_drop_firstpage_...
l.31 
     ]
Underfull \hbox (badness 2020) in paragraph at lines 32--33
[]\T2A/cmr/bx/n/14.4 Функциональные энд-по-ин-ты \T2A/cmr/m/n/14.4 (WebMvc.fn) 
ис-поль-зу-ют тот же
 []


Underfull \hbox (badness 2197) in paragraph at lines 32--33
\T2A/cmr/m/n/14.4 ме-ха-низм Idempotency-Key че-рез об-щий фильтр, что де-мон-с
три-ру-ет
 []


Underfull \hbox (badness 1087) in paragraph at lines 32--33
\T2A/cmr/m/n/14.4 и тот же \T2A/cmtt/c/sc/14.4 IdempotencyFilter \T2A/cmr/m/n/1
4.4 обес-пе-чи-ва-ет идем-по-тент-ность как для
 []


Underfull \hbox (badness 2368) in paragraph at lines 38--39
[]\T2A/cmr/bx/n/14.4 gRPC \T2A/cmr/m/n/14.4 по-тре-бо-вал наи-боль-ших ар-хи-те
к-тур-ных уси-лий: при-шлось
 []


Underfull \hbox (badness 4132) in paragraph at lines 38--39
\T2A/cmr/m/n/14.4 на-пи-сать от-дель-ный \T2A/cmtt/c/sc/14.4 ServerInterceptor\
T2A/cmr/m/n/14.4 , вве-сти би-нар-ную вет-ку в
 []


Underfull \hbox (badness 6592) in paragraph at lines 38--39
\T2A/cmr/m/n/14.4 схе-му \T2A/cmtt/c/sc/14.4 idempotency_-keys \T2A/cmr/m/n/14.
4 (BYTEA вме-сто TEXT) и ре-шить, как
 []


Underfull \hbox (badness 3375) in paragraph at lines 38--39
\T2A/cmr/m/n/14.4 репле-ить от-вет без зна-ния кон-крет-но-го proto-типа. Ре-ше
-ние че-рез
 []

[23] [24] [25] [26]
Underfull \hbox (badness 10000) in paragraph at lines 93--94
[]\T2A/cmr/bx/n/14.4 Комбинировать ме-ха-низ-мы\T2A/cmr/m/n/14.4 : Idempotency-
Key для POST,
 []


Underfull \hbox (badness 2173) in paragraph at lines 93--94
\T2A/cmr/m/n/14.4 @Version для PUT, UNIQUE constraints как по-след-ний ру-беж
 []

[27]
Underfull \hbox (badness 1360) in paragraph at lines 102--103
[]\T2A/cmr/m/n/14.4 Формализована ма-те-ма-ти-че-ская мо-дель идем-по-тент-но-с
ти HTTP-
 []


Underfull \hbox (badness 10000) in paragraph at lines 103--104
[]\T2A/cmr/m/n/14.4 Реализован и про-те-сти-ро-ван транспорт-агностичный пат-
 []


Underfull \hbox (badness 10000) in paragraph at lines 103--104
\T2A/cmr/m/n/14.4 терн Idempotency-Key с хра-не-ни-ем клю-чей и снэп-шо-
 []


Underfull \hbox (badness 10000) in paragraph at lines 103--104
\T2A/cmr/m/n/14.4 тов от-ве-тов в PostgreSQL. Снэп-шот до-опре-де-лјн как
 []


Underfull \hbox (badness 2617) in paragraph at lines 103--104
\OMS/cmsy/m/n/14.4 h[]\OML/cmm/m/it/14.4 ; []; []; []\OMS/cmsy/m/n/14.4 i$\T2A/
cmr/m/n/14.4 , что поз-во-ля-ет кор-рект-но репле-
 []


Underfull \hbox (badness 2680) in paragraph at lines 103--104
\T2A/cmr/m/n/14.4 ить от-ве-ты лю-бо-го фор-ма-та --- JSON, XML/SOAP, би-нар-ны
й
 []


Underfull \hbox (badness 2065) in paragraph at lines 104--105
[]\T2A/cmr/m/n/14.4 Продемонстрированы шесть под-хо-дов к ор-га-ни-за-ции сер-в
ер-ных
 []


Underfull \hbox (badness 10000) in paragraph at lines 104--105
\T2A/cmr/m/n/14.4 функ-ци-о-наль-ный \T2A/cmtt/c/sc/14.4 RouterFunction\T2A/cmr
/m/n/14.4 , ав-то-ге-не-ри-ру-е-мый Spring
 []


Underfull \hbox (badness 6808) in paragraph at lines 104--105
\T2A/cmr/m/n/14.4 Data REST, контракт-первый \T2A/cmtt/c/sc/14.4 @Endpoint \T2A
/cmr/m/n/14.4 (Spring-WS, SOAP),
 []


Underfull \hbox (badness 10000) in paragraph at lines 104--105
\T2A/cmtt/c/sc/14.4 @GrpcService \T2A/cmr/m/n/14.4 (gRPC, HTTP/2 + protobuf) и 
schema-first
 []


Underfull \hbox (badness 10000) in paragraph at lines 105--106
[]\T2A/cmr/m/n/14.4 Показано пе-ре-ис-поль-зо-ва-ние еди-но-го \T2A/cmtt/c/sc/1
4.4 IdempotencyService\T2A/cmr/m/n/14.4 :
 []


Underfull \hbox (badness 10000) in paragraph at lines 105--106
\T2A/cmr/m/n/14.4 че-ты-ре HTTP-транспорта ра-бо-та-ют че-рез \T2A/cmr/m/it/14.
4 один и тот
 []


Underfull \hbox (badness 10000) in paragraph at lines 105--106
\T2A/cmr/m/it/14.4 же бин \T2A/cmtt/c/sc/14.4 IdempotencyFilter \T2A/cmr/m/n/14
.4 (раз-ли-ча-ют-ся толь-ко URL-
 []


Underfull \hbox (badness 10000) in paragraph at lines 105--106
\T2A/cmr/m/n/14.4 де-ле-ги-ру-ю-щий то-му же сер-ви-су че-рез transport-generic

 []


Underfull \hbox (badness 10000) in paragraph at lines 106--107
[]\T2A/cmr/m/n/14.4 Разработано 36 ин-те-гра-ци-он-ных те-стов с ис-поль-зо-ва-
ни-ем
 []

) (./sections/installation.tex [28]
Underfull \hbox (badness 6477) in paragraph at lines 50--51
[]\T2A/cmr/bx/n/14.4 Примечание: \T2A/cmr/m/n/14.4 для за-пус-ка те-стов тре-бу
-ет-ся Docker, так как
 []

[29]
Overfull \hbox (27.49832pt too wide) in paragraph at lines 76--76
[]  \T2A/cmtt/c/sc/14.4 com.example.idempotency.grpc.notification.NotificationS
ervice/Send[] 
 []


Overfull \hbox (188.28235pt too wide) in paragraph at lines 84--84
[]  \T2A/cmtt/c/sc/14.4 -d '{"query":"mutation { reserveInventory(input:{itemNa
me:\"X\",quantity:5}) { id } }"}'[] 
 []

) [30]
Underfull \hbox (badness 1412) in paragraph at lines 99--99
[]\T2A/cmr/m/it/14.4 Spring Framework\T2A/cmr/m/n/14.4 . Functional Endpoints -
-- Spring Web MVC. ^^V
 []

[31] [32] (./sections/appendix.tex
Package hyperref Info: bookmark level for unknown lstlisting defaults to 0 on i
nput line 10.
 [33]
(/usr/local/texlive/2026/texmf-dist/tex/latex/listings/lstlang1.sty
File: lstlang1.sty 2025/11/14 1.11b listings language file
)
LaTeX Font Info:    Font shape `T2A/cmtt/bx/n' in size <12> not available
(Font)              Font shape `T2A/cmtt/m/n' tried instead on input line 88.
 [34]
[35] [36] [37] [38] [39] [40] [41] [42] [43] [44] [45] [46] [47] [48] [49]
[50] [51] [52]
Underfull \hbox (badness 1242) in paragraph at lines 885--885
[][]\T2A/cmr/bx/n/17.28 А.32. V4_-_-idempotency_-content_-meta.sql (рас-ши-ре-
 []


Underfull \hbox (badness 1242) in paragraph at lines 900--900
[][]\T2A/cmr/bx/n/17.28 А.34. IdempotencyKeyEntity.java (об-нов-лјн-ная по-сле
 []

[53] [54] [55] [56] [57]
(/usr/local/texlive/2026/texmf-dist/tex/latex/listings/lstlang1.sty
File: lstlang1.sty 2025/11/14 1.11b listings language file
)
(/usr/local/texlive/2026/texmf-dist/tex/latex/listings/lstmisc.sty
File: lstmisc.sty 2025/11/14 1.11b (Carsten Heinz)
) [58]
[59]
Underfull \hbox (badness 10000) in paragraph at lines 1191--1191
[]\T2A/cmr/m/n/14.4 Листинг 43: Transport-generic пе-ре-хват-чик: пе-ре-ис-поль
-зу-ет
 []

[60] [61] [62] [63]
Underfull \hbox (badness 1281) in paragraph at lines 1339--1339
[][]\T2A/cmr/bx/n/17.28 А.45. V8_-_-drop_-new_-constraints.sql (про-филь non-
 []

) [64] (./main.aux)
 ***********
LaTeX2e <2025-11-01>
L3 programming layer <2026-01-19>
 ***********


LaTeX Font Warning: Some font shapes were not available, defaults substituted.

Package rerunfilecheck Info: File `main.out' has not changed.
(rerunfilecheck)             Checksum: AE301B904D90C996B0D597EC0225D82C;14280.
Package logreq Info: Writing requests to 'main.run.xml'.
\openout1 = `main.run.xml'.

 ) 
Here is how much of TeX's memory you used:
 27490 strings out of 467525
 465071 string characters out of 5418982
 1803947 words of memory out of 5000000
 54634 multiletter control sequences out of 15000+600000
 651187 words of font info for 96 fonts, out of 8000000 for 9000
 1141 hyphenation exceptions out of 8191
 75i,13n,79p,2070b,3117s stack positions out of 10000i,1000n,20000p,200000b,200000s
</usr/local/texlive/2026/texmf-dist/fonts/type1/public/amsfonts/cm/cmex10.pfb
></usr/local/texlive/2026/texmf-dist/fonts/type1/public/amsfonts/cm/cmmi10.pfb>
</usr/local/texlive/2026/texmf-dist/fonts/type1/public/amsfonts/cm/cmmi12.pfb><
/usr/local/texlive/2026/texmf-dist/fonts/type1/public/amsfonts/cm/cmr10.pfb></u
sr/local/texlive/2026/texmf-dist/fonts/type1/public/amsfonts/cm/cmr12.pfb></usr
/local/texlive/2026/texmf-dist/fonts/type1/public/amsfonts/cm/cmsy10.pfb></usr/
local/texlive/2026/texmf-dist/fonts/type1/public/amsfonts/cm/cmsy8.pfb></usr/lo
cal/texlive/2026/texmf-dist/fonts/type1/public/amsfonts/symbols/msam10.pfb></us
r/local/texlive/2026/texmf-dist/fonts/type1/public/amsfonts/symbols/msbm10.pfb>
</usr/local/texlive/2026/texmf-dist/fonts/type1/public/cm-super/sfbx0800.pfb></
usr/local/texlive/2026/texmf-dist/fonts/type1/public/cm-super/sfbx1200.pfb></us
r/local/texlive/2026/texmf-dist/fonts/type1/public/cm-super/sfbx1440.pfb></usr/
local/texlive/2026/texmf-dist/fonts/type1/public/cm-super/sfbx1728.pfb></usr/lo
cal/texlive/2026/texmf-dist/fonts/type1/public/cm-super/sfbx2074.pfb></usr/loca
l/texlive/2026/texmf-dist/fonts/type1/public/cm-super/sfcc1440.pfb></usr/local/
texlive/2026/texmf-dist/fonts/type1/public/cm-super/sfit1200.pfb></usr/local/te
xlive/2026/texmf-dist/fonts/type1/public/cm-super/sfrm0600.pfb></usr/local/texl
ive/2026/texmf-dist/fonts/type1/public/cm-super/sfrm0700.pfb></usr/local/texliv
e/2026/texmf-dist/fonts/type1/public/cm-super/sfrm0800.pfb></usr/local/texlive/
2026/texmf-dist/fonts/type1/public/cm-super/sfrm1000.pfb></usr/local/texlive/20
26/texmf-dist/fonts/type1/public/cm-super/sfrm1200.pfb></usr/local/texlive/2026
/texmf-dist/fonts/type1/public/cm-super/sfrm1440.pfb></usr/local/texlive/2026/t
exmf-dist/fonts/type1/public/cm-super/sfti0800.pfb></usr/local/texlive/2026/tex
mf-dist/fonts/type1/public/cm-super/sfti1440.pfb></usr/local/texlive/2026/texmf
-dist/fonts/type1/public/cm-super/sftt1200.pfb></usr/local/texlive/2026/texmf-d
ist/fonts/type1/public/cm-super/sftt1440.pfb>
Output written on main.pdf (65 pages, 782411 bytes).
PDF statistics:
 2361 PDF objects out of 2487 (max. 8388607)
 2218 compressed objects within 23 object streams
 1424 named destinations out of 1440 (max. 500000)
 401 words of extra memory for PDF output out of 10000 (max. 10000000)

