\BOOKMARK [1][-]{section.1}{\376\377\004\022\004\062\004\065\004\064\004\065\004\075\004\070\004\065}{}% 1
\BOOKMARK [2][-]{subsection.1.1}{\376\377\004\020\004\072\004\102\004\103\004\060\004\073\004\114\004\075\004\076\004\101\004\102\004\114}{section.1}% 2
\BOOKMARK [2][-]{subsection.1.2}{\376\377\004\037\004\076\004\101\004\102\004\060\004\075\004\076\004\062\004\072\004\060\000\040\004\077\004\100\004\076\004\061\004\073\004\065\004\074\004\113}{section.1}% 3
\BOOKMARK [2][-]{subsection.1.3}{\376\377\004\027\004\060\004\064\004\060\004\107\004\070}{section.1}% 4
\BOOKMARK [1][-]{section.2}{\376\377\004\034\004\065\004\102\004\076\004\064\004\113}{}% 5
\BOOKMARK [2][-]{subsection.2.1}{\376\377\004\034\004\060\004\102\004\065\004\074\004\060\004\102\004\070\004\107\004\065\004\101\004\072\004\060\004\117\000\040\004\077\004\076\004\101\004\102\004\060\004\075\004\076\004\062\004\072\004\060\000\040\004\067\004\060\004\064\004\060\004\107\004\070\000\040\004\070\004\064\004\065\004\074\004\077\004\076\004\102\004\065\004\075\004\102\004\075\004\076\004\101\004\102\004\070}{section.2}% 6
\BOOKMARK [2][-]{subsection.2.2}{\376\377\004\032\004\073\004\060\004\101\004\101\004\070\004\104\004\070\004\072\004\060\004\106\004\070\004\117\000\040\000H\000T\000T\000P\000-\004\074\004\065\004\102\004\076\004\064\004\076\004\062\000\040\004\077\004\076\000\040\004\070\004\064\004\065\004\074\004\077\004\076\004\102\004\065\004\075\004\102\004\075\004\076\004\101\004\102\004\070}{section.2}% 7
\BOOKMARK [2][-]{subsection.2.3}{\376\377\004\037\004\060\004\102\004\102\004\065\004\100\004\075\000\040\000I\000d\000e\000m\000p\000o\000t\000e\000n\000c\000y\000-\000K\000e\000y}{section.2}% 8
\BOOKMARK [2][-]{subsection.2.4}{\376\377\000O\000p\000t\000i\000m\000i\000s\000t\000i\000c\000\040\000L\000o\000c\000k\000i\000n\000g\000\040\004\072\004\060\004\072\000\040\004\074\004\065\004\105\004\060\004\075\004\070\004\067\004\074\000\040\004\070\004\064\004\065\004\074\004\077\004\076\004\102\004\065\004\075\004\102\004\075\004\076\004\101\004\102\004\070}{section.2}% 9
\BOOKMARK [2][-]{subsection.2.5}{\376\377\004\037\004\101\004\065\004\062\004\064\004\076\004\072\004\076\004\064\000\040\004\060\004\073\004\063\004\076\004\100\004\070\004\102\004\074\004\060\000\040\004\077\004\100\004\076\004\062\004\065\004\100\004\072\004\070\000\040\004\070\004\064\004\065\004\074\004\077\004\076\004\102\004\065\004\075\004\102\004\075\004\076\004\101\004\102\004\070}{section.2}% 10
\BOOKMARK [2][-]{subsection.2.6}{\376\377\004\037\004\076\004\110\004\060\004\063\004\076\004\062\004\076\004\065\000\040\004\062\004\113\004\077\004\076\004\073\004\075\004\065\004\075\004\070\004\065\000\040\004\060\004\073\004\063\004\076\004\100\004\070\004\102\004\074\004\060\000\040\004\075\004\060\000\040\004\070\004\073\004\073\004\116\004\101\004\102\004\100\004\060\004\102\004\070\004\062\004\075\004\113\004\105\000\040\004\064\004\060\004\075\004\075\004\113\004\105}{section.2}% 11
\BOOKMARK [2][-]{subsection.2.7}{\376\377\004\042\004\070\004\077\004\113\000\040\004\076\004\100\004\063\004\060\004\075\004\070\004\067\004\060\004\106\004\070\004\070\000\040\004\072\004\076\004\075\004\102\004\100\004\076\004\073\004\073\004\065\004\100\004\076\004\062\000\040\004\062\000\040\000S\000p\000r\000i\000n\000g\000\040\004\070\000\040\000J\000a\000v\000a\000-\004\115\004\072\004\076\004\101\004\070\004\101\004\102\004\065\004\074\004\065}{section.2}% 12
\BOOKMARK [3][-]{subsubsection.2.7.1}{\376\377\000@\000R\000e\000s\000t\000C\000o\000n\000t\000r\000o\000l\000l\000e\000r\000\040\000\050\004\060\004\075\004\075\004\076\004\102\004\060\004\106\004\070\004\076\004\075\004\075\004\113\004\071\000\040\004\077\004\076\004\064\004\105\004\076\004\064\000\051}{subsection.2.7}% 13
\BOOKMARK [3][-]{subsubsection.2.7.2}{\376\377\000F\000u\000n\000c\000t\000i\000o\000n\000a\000l\000\040\000E\000n\000d\000p\000o\000i\000n\000t\000s\000\040\000\050\000W\000e\000b\000M\000v\000c\000.\000f\000n\000\051}{subsection.2.7}% 14
\BOOKMARK [3][-]{subsubsection.2.7.3}{\376\377\000S\000p\000r\000i\000n\000g\000\040\000D\000a\000t\000a\000\040\000R\000E\000S\000T}{subsection.2.7}% 15
\BOOKMARK [3][-]{subsubsection.2.7.4}{\376\377\000S\000p\000r\000i\000n\000g\000-\000W\000S\000\040\000\050\000S\000O\000A\000P\000,\000\040\004\072\004\076\004\075\004\102\004\100\004\060\004\072\004\102\000-\004\077\004\065\004\100\004\062\004\113\004\071\000\051}{subsection.2.7}% 16
\BOOKMARK [3][-]{subsubsection.2.7.5}{\376\377\000g\000R\000P\000C\000\040\000\050\000H\000T\000T\000P\000/\0002\000\040\000+\000\040\000p\000r\000o\000t\000o\000b\000u\000f\000\051}{subsection.2.7}% 17
\BOOKMARK [3][-]{subsubsection.2.7.6}{\376\377\000G\000r\000a\000p\000h\000Q\000L\000\040\000\050\000s\000i\000n\000g\000l\000e\000\040\000e\000n\000d\000p\000o\000i\000n\000t\000,\000\040\000s\000c\000h\000e\000m\000a\000-\000f\000i\000r\000s\000t\000\051}{subsection.2.7}% 18
\BOOKMARK [2][-]{subsection.2.8}{\376\377\004\042\004\100\004\060\004\075\004\101\004\077\004\076\004\100\004\102\000-\004\060\004\063\004\075\004\076\004\101\004\102\004\070\004\107\004\075\004\113\004\071\000\040\004\101\004\075\004\115\004\077\004\110\004\076\004\102\000\040\004\076\004\102\004\062\004\065\004\102\004\060}{section.2}% 19
\BOOKMARK [2][-]{subsection.2.9}{\376\377\004\041\004\100\004\065\004\064\004\101\004\102\004\062\004\060\000\040\004\102\004\065\004\101\004\102\004\070\004\100\004\076\004\062\004\060\004\075\004\070\004\117}{section.2}% 20
\BOOKMARK [1][-]{section.3}{\376\377\004\040\004\065\004\067\004\103\004\073\004\114\004\102\004\060\004\102\004\113}{}% 21
\BOOKMARK [2][-]{subsection.3.1}{\376\377\004\036\004\077\004\070\004\101\004\060\004\075\004\070\004\065\000\040\004\100\004\060\004\067\004\100\004\060\004\061\004\076\004\102\004\060\004\075\004\075\004\076\004\063\004\076\000\040\004\077\004\100\004\076\004\063\004\100\004\060\004\074\004\074\004\075\004\076\004\063\004\076\000\040\004\076\004\061\004\065\004\101\004\077\004\065\004\107\004\065\004\075\004\070\004\117}{section.3}% 22
\BOOKMARK [3][-]{subsubsection.3.1.1}{\376\377\004\041\004\102\004\100\004\103\004\072\004\102\004\103\004\100\004\060\000\040\004\077\004\100\004\076\004\065\004\072\004\102\004\060}{subsection.3.1}% 23
\BOOKMARK [3][-]{subsubsection.3.1.2}{\376\377\004\041\004\105\004\065\004\074\004\060\000\040\004\061\004\060\004\067\004\113\000\040\004\064\004\060\004\075\004\075\004\113\004\105}{subsection.3.1}% 24
\BOOKMARK [3][-]{subsubsection.3.1.3}{\376\377\004\032\004\076\004\074\004\077\004\076\004\075\004\065\004\075\004\102\004\113\000\040\004\074\004\065\004\105\004\060\004\075\004\070\004\067\004\074\004\060\000\040\004\070\004\064\004\065\004\074\004\077\004\076\004\102\004\065\004\075\004\102\004\075\004\076\004\101\004\102\004\070}{subsection.3.1}% 25
\BOOKMARK [3][-]{subsubsection.3.1.4}{\376\377\004\037\004\100\004\076\004\104\004\070\004\073\004\070\000\040\004\072\004\076\004\075\004\104\004\070\004\063\004\103\004\100\004\060\004\106\004\070\004\070}{subsection.3.1}% 26
\BOOKMARK [2][-]{subsection.3.2}{\376\377\004\040\004\065\004\067\004\103\004\073\004\114\004\102\004\060\004\102\004\113\000\040\004\102\004\065\004\101\004\102\004\070\004\100\004\076\004\062\004\060\004\075\004\070\004\117\000\040\000\050\004\077\004\100\004\076\004\104\004\070\004\073\004\114\000\040\000i\000d\000e\000m\000p\000o\000t\000e\000n\000t\000\051}{section.3}% 27
\BOOKMARK [2][-]{subsection.3.3}{\376\377\004\042\004\065\004\101\004\102\000-\004\072\004\065\004\071\004\101\004\113\000\040\004\077\004\076\000\040\004\072\004\076\004\075\004\102\004\100\004\076\004\073\004\073\004\065\004\100\004\060\004\074}{section.3}% 28
\BOOKMARK [3][-]{subsubsection.3.3.1}{\376\377\000@\000R\000e\000s\000t\000C\000o\000n\000t\000r\000o\000l\000l\000e\000r\000\040\000\050\000O\000r\000d\000e\000r\000I\000d\000e\000m\000p\000o\000t\000e\000n\000c\000y\000T\000e\000s\000t\000\051}{subsection.3.3}% 29
\BOOKMARK [3][-]{subsubsection.3.3.2}{\376\377\000F\000u\000n\000c\000t\000i\000o\000n\000a\000l\000\040\000E\000n\000d\000p\000o\000i\000n\000t\000s\000\040\000\050\000P\000a\000y\000m\000e\000n\000t\000I\000d\000e\000m\000p\000o\000t\000e\000n\000c\000y\000T\000e\000s\000t\000\051}{subsection.3.3}% 30
\BOOKMARK [3][-]{subsubsection.3.3.3}{\376\377\000S\000p\000r\000i\000n\000g\000\040\000D\000a\000t\000a\000\040\000R\000E\000S\000T\000\040\000\050\000P\000r\000o\000d\000u\000c\000t\000I\000d\000e\000m\000p\000o\000t\000e\000n\000c\000y\000T\000e\000s\000t\000\051}{subsection.3.3}% 31
\BOOKMARK [3][-]{subsubsection.3.3.4}{\376\377\004\030\004\074\004\077\004\076\004\100\004\102\000\040\004\064\004\060\004\075\004\075\004\113\004\105\000\040\000\050\000D\000a\000t\000a\000I\000m\000p\000o\000r\000t\000T\000e\000s\000t\000\051}{subsection.3.3}% 32
\BOOKMARK [3][-]{subsubsection.3.3.5}{\376\377\000S\000O\000A\000P\000\040\000\050\000S\000o\000a\000p\000I\000d\000e\000m\000p\000o\000t\000e\000n\000c\000y\000T\000e\000s\000t\000\051}{subsection.3.3}% 33
\BOOKMARK [3][-]{subsubsection.3.3.6}{\376\377\000g\000R\000P\000C\000\040\000\050\000G\000r\000p\000c\000I\000d\000e\000m\000p\000o\000t\000e\000n\000c\000y\000T\000e\000s\000t\000\051}{subsection.3.3}% 34
\BOOKMARK [3][-]{subsubsection.3.3.7}{\376\377\000G\000r\000a\000p\000h\000Q\000L\000\040\000\050\000G\000r\000a\000p\000h\000q\000l\000I\000d\000e\000m\000p\000o\000t\000e\000n\000c\000y\000T\000e\000s\000t\000\051}{subsection.3.3}% 35
\BOOKMARK [2][-]{subsection.3.4}{\376\377\004\040\004\065\004\067\004\103\004\073\004\114\004\102\004\060\004\102\004\113\000\040\004\077\004\100\004\076\004\104\004\070\004\073\004\117\000\040\000n\000o\000n\000-\000i\000d\000e\000m\000p\000o\000t\000e\000n\000t}{section.3}% 36
\BOOKMARK [1][-]{section.4}{\376\377\004\036\004\061\004\101\004\103\004\066\004\064\004\065\004\075\004\070\004\065}{}% 37
\BOOKMARK [2][-]{subsection.4.1}{\376\377\004\041\004\100\004\060\004\062\004\075\004\065\004\075\004\070\004\065\000\040\004\077\004\076\004\064\004\105\004\076\004\064\004\076\004\062\000\040\004\072\000\040\004\076\004\061\004\065\004\101\004\077\004\065\004\107\004\065\004\075\004\070\004\116\000\040\004\070\004\064\004\065\004\074\004\077\004\076\004\102\004\065\004\075\004\102\004\075\004\076\004\101\004\102\004\070}{section.4}% 38
\BOOKMARK [2][-]{subsection.4.2}{\376\377\004\020\004\075\004\060\004\073\004\070\004\067\000\040\004\100\004\065\004\067\004\103\004\073\004\114\004\102\004\060\004\102\004\076\004\062\000\040\004\077\004\076\000\040\004\102\004\100\004\060\004\075\004\101\004\077\004\076\004\100\004\102\004\060\004\074}{section.4}% 39
\BOOKMARK [2][-]{subsection.4.3}{\376\377\004\030\004\064\004\065\004\074\004\077\004\076\004\102\004\065\004\075\004\102\004\075\004\076\004\101\004\102\004\114\000\040\004\072\004\060\004\072\000\040\004\072\004\076\004\075\004\062\004\065\004\075\004\106\004\070\004\117\000:\000\040\004\077\004\076\004\107\004\065\004\074\004\103\000\040\004\075\004\065\004\073\004\114\004\067\004\117\000\040\000<\000<\004\062\004\101\004\121\000\040\004\064\004\065\004\073\004\060\004\102\004\114\000\040\004\107\004\065\004\100\004\065\004\067\000\040\000G\000E\000T\000>\000>}{section.4}% 40
\BOOKMARK [2][-]{subsection.4.4}{\376\377\004\036\004\077\004\102\004\070\004\074\004\070\004\101\004\102\004\070\004\107\004\075\004\060\004\117\000\040\004\061\004\073\004\076\004\072\004\070\004\100\004\076\004\062\004\072\004\060\000\040\004\070\000\040\004\063\004\100\004\060\004\075\004\070\004\106\004\113\000\040\004\065\004\121\000\040\004\077\004\100\004\070\004\074\004\065\004\075\004\070\004\074\004\076\004\101\004\102\004\070\000\040\004\064\004\073\004\117\000\040\004\070\004\064\004\065\004\074\004\077\004\076\004\102\004\065\004\075\004\102\004\075\004\076\004\101\004\102\004\070}{section.4}% 41
\BOOKMARK [2][-]{subsection.4.5}{\376\377\004\027\004\075\004\060\004\107\004\070\004\074\004\076\004\101\004\102\004\114\000\040\000T\000e\000s\000t\000c\000o\000n\000t\000a\000i\000n\000e\000r\000s\000\040\004\062\000\040\004\102\004\065\004\101\004\102\004\070\004\100\004\076\004\062\004\060\004\075\004\070\004\070\000\040\004\070\004\064\004\065\004\074\004\077\004\076\004\102\004\065\004\075\004\102\004\075\004\076\004\101\004\102\004\070}{section.4}% 42
\BOOKMARK [2][-]{subsection.4.6}{\376\377\004\040\004\065\004\072\004\076\004\074\004\065\004\075\004\064\004\060\004\106\004\070\004\070\000\040\004\064\004\073\004\117\000\040\000p\000r\000o\000d\000u\000c\000t\000i\000o\000n}{section.4}% 43
\BOOKMARK [1][-]{section.5}{\376\377\004\027\004\060\004\072\004\073\004\116\004\107\004\065\004\075\004\070\004\065}{}% 44
\BOOKMARK [1][-]{section.6}{\376\377\004\030\004\075\004\101\004\102\004\100\004\103\004\072\004\106\004\070\004\117\000\040\004\077\004\076\000\040\004\103\004\101\004\102\004\060\004\075\004\076\004\062\004\072\004\065\000\040\004\070\000\040\004\067\004\060\004\077\004\103\004\101\004\072\004\103}{}% 45
\BOOKMARK [2][-]{subsection.6.1}{\376\377\004\042\004\100\004\065\004\061\004\076\004\062\004\060\004\075\004\070\004\117}{section.6}% 46
\BOOKMARK [2][-]{subsection.6.2}{\376\377\004\027\004\060\004\077\004\103\004\101\004\072\000\040\004\077\004\100\004\070\004\073\004\076\004\066\004\065\004\075\004\070\004\117}{section.6}% 47
\BOOKMARK [2][-]{subsection.6.3}{\376\377\004\027\004\060\004\077\004\103\004\101\004\072\000\040\004\102\004\065\004\101\004\102\004\076\004\062}{section.6}% 48
\BOOKMARK [2][-]{subsection.6.4}{\376\377\004\037\004\100\004\070\004\074\004\065\004\100\000\040\004\070\004\101\004\077\004\076\004\073\004\114\004\067\004\076\004\062\004\060\004\075\004\070\004\117\000\040\000A\000P\000I\000\040\000\050\004\062\004\101\004\065\000\040\004\107\004\065\004\102\004\113\004\100\004\065\000\040\004\102\004\100\004\060\004\075\004\101\004\077\004\076\004\100\004\102\004\060\000\051}{section.6}% 49
\BOOKMARK [1][-]{section*.3}{\376\377\004\037\004\100\004\070\004\073\004\076\004\066\004\065\004\075\004\070\004\065\000\040\004\020\000.\000\040\004\033\004\070\004\101\004\102\004\070\004\075\004\063\004\070\000\040\004\070\004\101\004\105\004\076\004\064\004\075\004\076\004\063\004\076\000\040\004\072\004\076\004\064\004\060}{}% 50
